


ARM Macro Assembler    Page 1 


    1 00000000         ;****************** main.s ***************
    2 00000000         ; Program initially written by: Yerraballi and Valvano
    3 00000000         ; Author: Place your name here
    4 00000000         ; Date Created: 1/15/2018 
    5 00000000         ; Last Modified: 1/17/2020 
    6 00000000         ; Brief description of the program: Solution to Lab1
    7 00000000         ; The objective of this system is to implement odd-bit c
                       ounting system
    8 00000000         ; Hardware connections: 
    9 00000000         ;  Output is positive logic, 1 turns on the LED, 0 turns
                        off the LED
   10 00000000         ;  Inputs are negative logic, meaning switch not pressed
                        is 1, pressed is 0
   11 00000000         ;    PE0 is an input 
   12 00000000         ;    PE1 is an input 
   13 00000000         ;    PE2 is an input 
   14 00000000         ;    PE3 is the output
   15 00000000         ; Overall goal: 
   16 00000000         ;   Make the output 1 if there is an odd number of switc
                       hes pressed, 
   17 00000000         ;     otherwise make the output 0
   18 00000000         
   19 00000000         ; The specific operation of this system 
   20 00000000         ;   Initialize Port E to make PE0,PE1,PE2 inputs and PE3
                        an output
   21 00000000         ;   Over and over, read the inputs, calculate the result
                        and set the output
   22 00000000         ; PE2  PE1 PE0  | PE3
   23 00000000         ; 0    0    0   |  1    odd number of 0’s
   24 00000000         ; 0    0    1   |  0    even number of 0’s
   25 00000000         ; 0    1    0   |  0    even number of 0’s
   26 00000000         ; 0    1    1   |  1    odd number of 0’s
   27 00000000         ; 1    0    0   |  0    even number of 0’s
   28 00000000         ; 1    0    1   |  1    odd number of 0’s
   29 00000000         ; 1    1    0   |  1    odd number of 0’s
   30 00000000         ; 1    1    1   |  0    even number of 0’s
   31 00000000         ;There are 8 valid output values for Port E: 0x01,0x02,0
                       x04,0x07,0x08,0x0B,0x0D, and 0x0E. 
   32 00000000         
   33 00000000         ; NOTE: Do not use any conditional branches in your solu
                       tion. 
   34 00000000         ;       We want you to think of the solution in terms of
                        logical and shift operations
   35 00000000         
   36 00000000 400243FC 
                       GPIO_PORTE_DATA_R
                               EQU              0x400243FC
   37 00000000 40024400 
                       GPIO_PORTE_DIR_R
                               EQU              0x40024400
   38 00000000 4002451C 
                       GPIO_PORTE_DEN_R
                               EQU              0x4002451C
   39 00000000 400FE608 
                       SYSCTL_RCGCGPIO_R
                               EQU              0x400FE608
   40 00000000         
   41 00000000                 THUMB
   42 00000000                 AREA             DATA, ALIGN=2



ARM Macro Assembler    Page 2 


   43 00000000         ;global variables go here
   44 00000000                 ALIGN
   45 00000000                 AREA             |.text|, CODE, READONLY, ALIGN=
2
   46 00000000                 EXPORT           Start
   47 00000000         Start
   48 00000000         ;code to run once that initializes PE3,PE2,PE1,PE0
   49 00000000         
   50 00000000         ;turn on clock of port E
   51 00000000 4816            LDR              R0, = SYSCTL_RCGCGPIO_R
   52 00000002 7801            LDRB             R1, [R0]
   53 00000004 F041 0110       ORR              R1, #0x10
   54 00000008 7001            STRB             R1, [R0]
   55 0000000A         
   56 0000000A BF00            NOP
   57 0000000C BF00            NOP
   58 0000000E         
   59 0000000E         ;set direction of the needed ports
   60 0000000E 4814            LDR              R0, = GPIO_PORTE_DIR_R
   61 00000010 7801            LDRB             R1, [R0]
   62 00000012 F001 01F8       AND              R1, #0xF8
   63 00000016 F041 0108       ORR              R1, #0x08
   64 0000001A 7001            STRB             R1, [R0]
   65 0000001C         
   66 0000001C         ;digital enable all pins
   67 0000001C 4811            LDR              R0, = GPIO_PORTE_DEN_R
   68 0000001E 7801            LDRB             R1, [R0]
   69 00000020 F041 010F       ORR              R1, #0x0F
   70 00000024 7001            STRB             R1, [R0]
   71 00000026         
   72 00000026         loop
   73 00000026         ;code that runs over and over
   74 00000026         
   75 00000026         ;read the data register B [2,0] and put each of its bits
                        into a separate register
   76 00000026         ; R2=portE [0]
   77 00000026         ; R3=portE [1]
   78 00000026         ; R4=port# [2]
   79 00000026 4810            LDR              R0, = GPIO_PORTE_DATA_R
   80 00000028 6801            LDR              R1, [R0]
   81 0000002A F001 0201       AND              R2, R1, #0x01
   82 0000002E F001 0302       AND              R3, R1, #0x02
   83 00000032 EA4F 0353       LSR              R3, R3, #1
   84 00000036 F001 0404       AND              R4, R1, #0x04
   85 0000003A EA4F 0494       LSR              R4, R4, #2
   86 0000003E         
   87 0000003E         ;EOR operation of each bit
   88 0000003E EA82 0503       EOR              R5, R2, R3
   89 00000042 EA84 0505       EOR              R5, R4, R5
   90 00000046 F085 0501       EOR              R5, #1
   91 0000004A EA4F 05C5       LSL              R5, #3
   92 0000004E         
   93 0000004E         ;clear PortE data [3] and store modified register
   94 0000004E F001 01F7       AND              R1, #0xF7
   95 00000052 EA41 0105       ORR              R1, R1, R5
   96 00000056 6001            STR              R1, [R0]
   97 00000058         
   98 00000058 E7E5            B                loop
   99 0000005A         



ARM Macro Assembler    Page 3 


  100 0000005A         
  101 0000005A         
  102 0000005A 00 00           ALIGN                        ; make sure the end
                                                             of this section is
                                                             aligned
  103 0000005C                 END                          ; end of file
              400FE608 
              40024400 
              4002451C 
              400243FC 
Command Line: --debug --xref --diag_suppress=9931 --cpu=Cortex-M4 --apcs=interw
ork --depend=.\main.d -o.\main.o -I.\RTE\_Lab1 -IC:\Users\kenor\AppData\Local\A
rm\Packs\ARM\CMSIS\5.6.0\CMSIS\Core\Include -IC:\Users\kenor\AppData\Local\Arm\
Packs\Keil\TM4C_DFP\1.1.0\Device\Include\TM4C123 --predefine="__EVAL SETA 1" --
predefine="__UVISION_VERSION SETA 529" --predefine="_RTE_ SETA 1" --predefine="
TM4C123GH6PM SETA 1" --list=.\main.lst main.s



ARM Macro Assembler    Page 1 Alphabetic symbol ordering
Relocatable symbols

DATA 00000000

Symbol: DATA
   Definitions
      At line 42 in file main.s
   Uses
      None
Comment: DATA unused
1 symbol



ARM Macro Assembler    Page 1 Alphabetic symbol ordering
Relocatable symbols

.text 00000000

Symbol: .text
   Definitions
      At line 45 in file main.s
   Uses
      None
Comment: .text unused
Start 00000000

Symbol: Start
   Definitions
      At line 47 in file main.s
   Uses
      At line 46 in file main.s
Comment: Start used once
loop 00000026

Symbol: loop
   Definitions
      At line 72 in file main.s
   Uses
      At line 98 in file main.s
Comment: loop used once
3 symbols



ARM Macro Assembler    Page 1 Alphabetic symbol ordering
Absolute symbols

GPIO_PORTE_DATA_R 400243FC

Symbol: GPIO_PORTE_DATA_R
   Definitions
      At line 36 in file main.s
   Uses
      At line 79 in file main.s
Comment: GPIO_PORTE_DATA_R used once
GPIO_PORTE_DEN_R 4002451C

Symbol: GPIO_PORTE_DEN_R
   Definitions
      At line 38 in file main.s
   Uses
      At line 67 in file main.s
Comment: GPIO_PORTE_DEN_R used once
GPIO_PORTE_DIR_R 40024400

Symbol: GPIO_PORTE_DIR_R
   Definitions
      At line 37 in file main.s
   Uses
      At line 60 in file main.s
Comment: GPIO_PORTE_DIR_R used once
SYSCTL_RCGCGPIO_R 400FE608

Symbol: SYSCTL_RCGCGPIO_R
   Definitions
      At line 39 in file main.s
   Uses
      At line 51 in file main.s
Comment: SYSCTL_RCGCGPIO_R used once
4 symbols
344 symbols in table
