Component: ARM Compiler 5.06 update 6 (build 750) Tool: armlink [4d35ed]

==============================================================================

Section Cross References

    startup.o(STACK) refers (Special) to heapauxi.o(.text) for __use_two_region_memory
    startup.o(HEAP) refers (Special) to heapauxi.o(.text) for __use_two_region_memory
    startup.o(RESET) refers (Special) to heapauxi.o(.text) for __use_two_region_memory
    startup.o(RESET) refers to startup.o(STACK) for StackMem
    startup.o(RESET) refers to systick.o(i.SysTick_Handler) for SysTick_Handler
    startup.o(RESET) refers to timer0.o(i.Timer0A_Handler) for Timer0A_Handler
    startup.o(RESET) refers to timer1.o(i.Timer1A_Handler) for Timer1A_Handler
    startup.o(RESET) refers to timer2.o(i.Timer2A_Handler) for Timer2A_Handler
    startup.o(RESET) refers to __main.o(!!!main) for __main
    startup.o(.text) refers (Special) to heapauxi.o(.text) for __use_two_region_memory
    startup.o(.text) refers to startup.o(HEAP) for HeapMem
    startup.o(.text) refers to startup.o(STACK) for StackMem
    random.o(.text) refers to random.o(DATA) for M
    timer0.o(i.Timer0A_Handler) refers to timer0.o(.data) for PeriodicTask0
    timer0.o(i.Timer0_Init) refers to timer0.o(.data) for PeriodicTask0
    timer1.o(i.Timer1A_Handler) refers to timer1.o(.data) for enemyflag
    timer1.o(i.Timer1_Init) refers to timer1.o(.data) for enemyflag
    sound.o(i.Sound_Init) refers to dac.o(i.DAC_Init) for DAC_Init
    sound.o(i.playsample) refers to dac.o(i.DAC_Out) for DAC_Out
    sound.o(i.playsample) refers to timer0.o(i.Timer0A_Stop) for Timer0A_Stop
    sound.o(i.playsample) refers to sound.o(.data) for sounds
    sound.o(i.playsound) refers to timer0.o(i.Timer0_Init) for Timer0_Init
    sound.o(i.playsound) refers to sound.o(.data) for sound2play
    sound.o(i.playsound) refers to sound.o(i.playsample) for playsample
    sound.o(.data) refers to sound.o(.constdata) for shootWav
    print.o(.text) refers (Special) to st7735.o(i.ST7735_OutString) for ST7735_OutString
    print.o(.text) refers to st7735.o(i.ST7735_OutChar) for ST7735_OutChar
    spaceinvaders.o(i.Display_Score) refers to st7735.o(i.ST7735_DrawString) for ST7735_DrawString
    spaceinvaders.o(i.Display_Score) refers to st7735.o(i.ST7735_SetCursor) for ST7735_SetCursor
    spaceinvaders.o(i.Display_Score) refers to print.o(.text) for LCD_OutDec
    spaceinvaders.o(i.Display_Score) refers to spaceinvaders.o(i.Level_Two) for Level_Two
    spaceinvaders.o(i.Display_Score) refers to spaceinvaders.o(i.Level_Three) for Level_Three
    spaceinvaders.o(i.Display_Score) refers to spaceinvaders.o(.data) for Language
    spaceinvaders.o(i.Display_Score) refers to creatures.o(.data) for Score
    spaceinvaders.o(i.Display_Score) refers to systick.o(.data) for Level
    spaceinvaders.o(i.Game_Over) refers to sound.o(i.playsound) for playsound
    spaceinvaders.o(i.Game_Over) refers to st7735.o(i.ST7735_FillScreen) for ST7735_FillScreen
    spaceinvaders.o(i.Game_Over) refers to st7735.o(i.ST7735_SetCursor) for ST7735_SetCursor
    spaceinvaders.o(i.Game_Over) refers to st7735.o(i.ST7735_OutString) for ST7735_OutString
    spaceinvaders.o(i.Game_Over) refers to spaceinvaders.o(i.Delay100ms) for Delay100ms
    spaceinvaders.o(i.Game_Over) refers to print.o(.text) for LCD_OutDec
    spaceinvaders.o(i.Game_Over) refers to spaceinvaders.o(.data) for Language
    spaceinvaders.o(i.Game_Over) refers to creatures.o(.data) for Score
    spaceinvaders.o(i.IO_Init) refers to adc.o(i.ADC_Init) for ADC_Init
    spaceinvaders.o(i.IO_Init) refers to spaceinvaders.o(i.LED_Init) for LED_Init
    spaceinvaders.o(i.IO_Init) refers to spaceinvaders.o(i.Button_Init) for Button_Init
    spaceinvaders.o(i.Intro_Screen) refers to st7735.o(i.Output_Clear) for Output_Clear
    spaceinvaders.o(i.Intro_Screen) refers to st7735.o(i.ST7735_DrawBitmap) for ST7735_DrawBitmap
    spaceinvaders.o(i.Intro_Screen) refers to st7735.o(i.ST7735_SetCursor) for ST7735_SetCursor
    spaceinvaders.o(i.Intro_Screen) refers to st7735.o(i.ST7735_SetTextColor) for ST7735_SetTextColor
    spaceinvaders.o(i.Intro_Screen) refers to st7735.o(i.ST7735_OutString) for ST7735_OutString
    spaceinvaders.o(i.Intro_Screen) refers to spaceinvaders.o(.constdata) for title
    spaceinvaders.o(i.Intro_Screen) refers to spaceinvaders.o(.data) for Language
    spaceinvaders.o(i.Language_Select) refers to st7735.o(i.Output_Clear) for Output_Clear
    spaceinvaders.o(i.Language_Select) refers to st7735.o(i.ST7735_DrawBitmap) for ST7735_DrawBitmap
    spaceinvaders.o(i.Language_Select) refers to st7735.o(i.ST7735_SetCursor) for ST7735_SetCursor
    spaceinvaders.o(i.Language_Select) refers to st7735.o(i.Output_Color) for Output_Color
    spaceinvaders.o(i.Language_Select) refers to st7735.o(i.ST7735_OutString) for ST7735_OutString
    spaceinvaders.o(i.Language_Select) refers to adc.o(i.ADC_In) for ADC_In
[...]
    creatures.o(i.enemyMove) refers to creatures.o(i.humanMove) for humanMove
    creatures.o(i.enemyMove) refers to creatures.o(i.spawnMutant) for spawnMutant
    creatures.o(i.enemyMove) refers to creatures.o(i.spawnLander) for spawnLander
    creatures.o(i.enemyMove) refers to creatures.o(.data) for fullShot
    creatures.o(i.enemyMove) refers to timer2.o(.data) for changeFrame
    creatures.o(i.humanMove) refers to random.o(.text) for Random
    creatures.o(i.humanMove) refers to creatures.o(.data) for humans
    creatures.o(i.landerMove) refers to random.o(.text) for Random
    creatures.o(i.landerMove) refers to creatures.o(.data) for humans
    creatures.o(i.landerMove) refers to creatures.o(i.spawnShot) for spawnShot
    creatures.o(i.movePlayerShot) refers to creatures.o(i.checkPlayerHit) for checkPlayerHit
    creatures.o(i.movePlayerShot) refers to creatures.o(.data) for lasers
    creatures.o(i.moveShot) refers to creatures.o(i.checkHit) for checkHit
    creatures.o(i.moveShot) refers to creatures.o(.data) for shots
    creatures.o(i.mutantMove) refers to random.o(.text) for Random
    creatures.o(i.mutantMove) refers to creatures.o(i.spawnShot) for spawnShot
    creatures.o(i.mutantMove) refers to creatures.o(.data) for player
    creatures.o(i.spawnLander) refers to random.o(.text) for Random
    creatures.o(i.spawnLander) refers to creatures.o(.data) for fullEnemy
    creatures.o(i.spawnLander) refers to timer2.o(.data) for changeFrame
    creatures.o(i.spawnLander) refers to creatures.o(.constdata) for .constdata
    creatures.o(i.spawnMutant) refers to random.o(.text) for Random
    creatures.o(i.spawnMutant) refers to creatures.o(.data) for fullEnemy
    creatures.o(i.spawnMutant) refers to timer2.o(.data) for changeFrame
    creatures.o(i.spawnMutant) refers to creatures.o(.constdata) for .constdata
    creatures.o(i.spawnPlayerShot) refers to systick.o(.data) for makeShot
    creatures.o(i.spawnPlayerShot) refers to creatures.o(.data) for lasers
    creatures.o(i.spawnShot) refers to creatures.o(.data) for shots
    timer2.o(i.Timer2A_Handler) refers to timer2.o(.data) for canShoot
    timer2.o(i.Timer2_Init) refers to timer2.o(.data) for canShoot
    systick.o(i.SysTick_Handler) refers to adc.o(i.ADC_In) for ADC_In
    systick.o(i.SysTick_Handler) refers to systick.o(i.Convert) for Convert
    systick.o(i.SysTick_Handler) refers to sound.o(i.playsound) for playsound
    systick.o(i.SysTick_Handler) refers to systick.o(.data) for ADCMail
    systick.o(i.SysTick_Handler) refers to creatures.o(.data) for player
    systick.o(i.SysTick_Handler) refers to timer2.o(.data) for canShoot
    systick.o(i.SysTick_Init) refers to systick.o(.data) for makeShot
    __main.o(!!!main) refers to __rtentry.o(.ARM.Collect$$rtentry$$00000000) for __rt_entry
    __rtentry.o(.ARM.Collect$$rtentry$$00000000) refers (Special) to __rtentry2.o(.ARM.Collect$$rtentry$$0000000A) for __rt_entry_li
    __rtentry.o(.ARM.Collect$$rtentry$$00000000) refers (Special) to __rtentry2.o(.ARM.Collect$$rtentry$$0000000D) for __rt_entry_main
    __rtentry.o(.ARM.Collect$$rtentry$$00000000) refers (Special) to __rtentry2.o(.ARM.Collect$$rtentry$$0000000C) for __rt_entry_postli_1
    __rtentry.o(.ARM.Collect$$rtentry$$00000000) refers (Special) to __rtentry2.o(.ARM.Collect$$rtentry$$00000009) for __rt_entry_postsh_1
    __rtentry.o(.ARM.Collect$$rtentry$$00000000) refers (Special) to __rtentry2.o(.ARM.Collect$$rtentry$$00000002) for __rt_entry_presh_1
    __rtentry.o(.ARM.Collect$$rtentry$$00000000) refers (Special) to __rtentry4.o(.ARM.Collect$$rtentry$$00000004) for __rt_entry_sh
    __rtentry2.o(.ARM.Collect$$rtentry$$00000008) refers to boardinit2.o(.text) for _platform_post_stackheap_init
    __rtentry2.o(.ARM.Collect$$rtentry$$0000000A) refers to libinit.o(.ARM.Collect$$libinit$$00000000) for __rt_lib_init
    __rtentry2.o(.ARM.Collect$$rtentry$$0000000B) refers to boardinit3.o(.text) for _platform_post_lib_init
    __rtentry2.o(.ARM.Collect$$rtentry$$0000000D) refers to spaceinvaders.o(i.main) for main
    __rtentry2.o(.ARM.Collect$$rtentry$$0000000D) refers to exit.o(.text) for exit
    __rtentry2.o(.ARM.exidx) refers to __rtentry2.o(.ARM.Collect$$rtentry$$00000001) for .ARM.Collect$$rtentry$$00000001
    __rtentry2.o(.ARM.exidx) refers to __rtentry2.o(.ARM.Collect$$rtentry$$00000008) for .ARM.Collect$$rtentry$$00000008
    __rtentry2.o(.ARM.exidx) refers to __rtentry2.o(.ARM.Collect$$rtentry$$0000000A) for .ARM.Collect$$rtentry$$0000000A
    __rtentry2.o(.ARM.exidx) refers to __rtentry2.o(.ARM.Collect$$rtentry$$0000000B) for .ARM.Collect$$rtentry$$0000000B
    __rtentry2.o(.ARM.exidx) refers to __rtentry2.o(.ARM.Collect$$rtentry$$0000000D) for .ARM.Collect$$rtentry$$0000000D
    __rtentry4.o(.ARM.Collect$$rtentry$$00000004) refers to sys_stackheap_outer.o(.text) for __user_setup_stackheap
    __rtentry4.o(.ARM.exidx) refers to __rtentry4.o(.ARM.Collect$$rtentry$$00000004) for .ARM.Collect$$rtentry$$00000004
    sys_stackheap_outer.o(.text) refers to libspace.o(.text) for __user_perproc_libspace
    sys_stackheap_outer.o(.text) refers to startup.o(.text) for __user_initial_stackheap
    exit.o(.text) refers to rtexit.o(.ARM.Collect$$rtexit$$00000000) for __rt_exit
    libinit.o(.ARM.Collect$$libinit$$00000000) refers (Special) to libinit2.o(.ARM.Collect$$libinit$$0000002E) for __rt_lib_init_alloca_1
    libinit.o(.ARM.Collect$$libinit$$00000000) refers (Special) to libinit2.o(.ARM.Collect$$libinit$$0000002C) for __rt_lib_init_argv_1
    libinit.o(.ARM.Collect$$libinit$$00000000) refers (Special) to libinit2.o(.ARM.Collect$$libinit$$0000001B) for __rt_lib_init_atexit_1
    libinit.o(.ARM.Collect$$libinit$$00000000) refers (Special) to libinit2.o(.ARM.Collect$$libinit$$00000021) for __rt_lib_init_clock_1
    libinit.o(.ARM.Collect$$libinit$$00000000) refers (Special) to libinit2.o(.ARM.Collect$$libinit$$00000032) for __rt_lib_init_cpp_1
    libinit.o(.ARM.Collect$$libinit$$00000000) refers (Special) to libinit2.o(.ARM.Collect$$libinit$$00000030) for __rt_lib_init_exceptions_1
    libinit.o(.ARM.Collect$$libinit$$00000000) refers (Special) to libinit2.o(.ARM.Collect$$libinit$$00000002) for __rt_lib_init_fp_1
    libinit.o(.ARM.Collect$$libinit$$00000000) refers (Special) to libinit2.o(.ARM.Collect$$libinit$$0000001F) for __rt_lib_init_fp_trap_1
    libinit.o(.ARM.Collect$$libinit$$00000000) refers (Special) to libinit2.o(.ARM.Collect$$libinit$$00000023) for __rt_lib_init_getenv_1
    libinit.o(.ARM.Collect$$libinit$$00000000) refers (Special) to libinit2.o(.ARM.Collect$$libinit$$0000000A) for __rt_lib_init_heap_1
    libinit.o(.ARM.Collect$$libinit$$00000000) refers (Special) to libinit2.o(.ARM.Collect$$libinit$$00000011) for __rt_lib_init_lc_collate_1
    libinit.o(.ARM.Collect$$libinit$$00000000) refers (Special) to libinit2.o(.ARM.Collect$$libinit$$00000013) for __rt_lib_init_lc_ctype_1
    libinit.o(.ARM.Collect$$libinit$$00000000) refers (Special) to libinit2.o(.ARM.Collect$$libinit$$00000015) for __rt_lib_init_lc_monetary_1
    libinit.o(.ARM.Collect$$libinit$$00000000) refers (Special) to libinit2.o(.ARM.Collect$$libinit$$00000017) for __rt_lib_init_lc_numeric_1
    libinit.o(.ARM.Collect$$libinit$$00000000) refers (Special) to libinit2.o(.ARM.Collect$$libinit$$00000019) for __rt_lib_init_lc_time_1
    libinit.o(.ARM.Collect$$libinit$$00000000) refers (Special) to libinit2.o(.ARM.Collect$$libinit$$00000004) for __rt_lib_init_preinit_1
    libinit.o(.ARM.Collect$$libinit$$00000000) refers (Special) to libinit2.o(.ARM.Collect$$libinit$$0000000E) for __rt_lib_init_rand_1
    libinit.o(.ARM.Collect$$libinit$$00000000) refers (Special) to libinit2.o(.ARM.Collect$$libinit$$00000033) for __rt_lib_init_return
    libinit.o(.ARM.Collect$$libinit$$00000000) refers (Special) to libinit2.o(.ARM.Collect$$libinit$$0000001D) for __rt_lib_init_signal_1
    libinit.o(.ARM.Collect$$libinit$$00000000) refers (Special) to libinit2.o(.ARM.Collect$$libinit$$00000025) for __rt_lib_init_stdio_1
    libinit.o(.ARM.Collect$$libinit$$00000000) refers (Special) to libinit2.o(.ARM.Collect$$libinit$$0000000C) for __rt_lib_init_user_alloc_1
    libspace.o(.text) refers to libspace.o(.bss) for __libspace_start
    rtexit.o(.ARM.Collect$$rtexit$$00000000) refers (Special) to rtexit2.o(.ARM.Collect$$rtexit$$00000004) for __rt_exit_exit
    rtexit.o(.ARM.Collect$$rtexit$$00000000) refers (Special) to rtexit2.o(.ARM.Collect$$rtexit$$00000003) for __rt_exit_ls
    rtexit.o(.ARM.Collect$$rtexit$$00000000) refers (Special) to rtexit2.o(.ARM.Collect$$rtexit$$00000002) for __rt_exit_prels_1
    rtexit.o(.ARM.exidx) refers (Special) to rtexit2.o(.ARM.Collect$$rtexit$$00000004) for __rt_exit_exit
    rtexit.o(.ARM.exidx) refers (Special) to rtexit2.o(.ARM.Collect$$rtexit$$00000003) for __rt_exit_ls
    rtexit.o(.ARM.exidx) refers (Special) to rtexit2.o(.ARM.Collect$$rtexit$$00000002) for __rt_exit_prels_1
    rtexit.o(.ARM.exidx) refers to rtexit.o(.ARM.Collect$$rtexit$$00000000) for .ARM.Collect$$rtexit$$00000000
    libinit2.o(.ARM.Collect$$libinit$$00000010) refers to libinit2.o(.ARM.Collect$$libinit$$0000000F) for .ARM.Collect$$libinit$$0000000F
    libinit2.o(.ARM.Collect$$libinit$$00000012) refers to libinit2.o(.ARM.Collect$$libinit$$0000000F) for .ARM.Collect$$libinit$$0000000F
    libinit2.o(.ARM.Collect$$libinit$$00000014) refers to libinit2.o(.ARM.Collect$$libinit$$0000000F) for .ARM.Collect$$libinit$$0000000F
    libinit2.o(.ARM.Collect$$libinit$$00000016) refers to libinit2.o(.ARM.Collect$$libinit$$0000000F) for .ARM.Collect$$libinit$$0000000F
    libinit2.o(.ARM.Collect$$libinit$$00000018) refers to libinit2.o(.ARM.Collect$$libinit$$0000000F) for .ARM.Collect$$libinit$$0000000F
    libinit2.o(.ARM.Collect$$libinit$$00000026) refers to argv_veneer.o(.emb_text) for __ARM_argv_veneer
    libinit2.o(.ARM.Collect$$libinit$$00000027) refers to argv_veneer.o(.emb_text) for __ARM_argv_veneer
    rtexit2.o(.ARM.Collect$$rtexit$$00000003) refers to libshutdown.o(.ARM.Collect$$libshutdown$$00000000) for __rt_lib_shutdown
    rtexit2.o(.ARM.Collect$$rtexit$$00000004) refers to sys_exit.o(.text) for _sys_exit
    rtexit2.o(.ARM.exidx) refers to rtexit2.o(.ARM.Collect$$rtexit$$00000001) for .ARM.Collect$$rtexit$$00000001
    rtexit2.o(.ARM.exidx) refers to rtexit2.o(.ARM.Collect$$rtexit$$00000003) for .ARM.Collect$$rtexit$$00000003
    rtexit2.o(.ARM.exidx) refers to rtexit2.o(.ARM.Collect$$rtexit$$00000004) for .ARM.Collect$$rtexit$$00000004
    argv_veneer.o(.emb_text) refers to no_argv.o(.text) for __ARM_get_argv
    sys_exit.o(.text) refers (Special) to use_no_semi.o(.text) for __I$use$semihosting
    sys_exit.o(.text) refers (Special) to indicate_semi.o(.text) for __semihosting_library_function
    _get_argv_nomalloc.o(.text) refers (Special) to hrguard.o(.text) for __heap_region$guard
    _get_argv_nomalloc.o(.text) refers to defsig_rtmem_outer.o(.text) for __rt_SIGRTMEM
    _get_argv_nomalloc.o(.text) refers to sys_command.o(.text) for _sys_command_string
    libshutdown.o(.ARM.Collect$$libshutdown$$00000000) refers (Special) to libshutdown2.o(.ARM.Collect$$libshutdown$$00000002) for __rt_lib_shutdown_cpp_1
    libshutdown.o(.ARM.Collect$$libshutdown$$00000000) refers (Special) to libshutdown2.o(.ARM.Collect$$libshutdown$$00000007) for __rt_lib_shutdown_fp_trap_1
    libshutdown.o(.ARM.Collect$$libshutdown$$00000000) refers (Special) to libshutdown2.o(.ARM.Collect$$libshutdown$$0000000F) for __rt_lib_shutdown_heap_1
    libshutdown.o(.ARM.Collect$$libshutdown$$00000000) refers (Special) to libshutdown2.o(.ARM.Collect$$libshutdown$$00000010) for __rt_lib_shutdown_return
    libshutdown.o(.ARM.Collect$$libshutdown$$00000000) refers (Special) to libshutdown2.o(.ARM.Collect$$libshutdown$$0000000A) for __rt_lib_shutdown_signal_1
    libshutdown.o(.ARM.Collect$$libshutdown$$00000000) refers (Special) to libshutdown2.o(.ARM.Collect$$libshutdown$$00000004) for __rt_lib_shutdown_stdio_1
    libshutdown.o(.ARM.Collect$$libshutdown$$00000000) refers (Special) to libshutdown2.o(.ARM.Collect$$libshutdown$$0000000C) for __rt_lib_shutdown_user_alloc_1
    sys_command.o(.text) refers (Special) to use_no_semi.o(.text) for __I$use$semihosting
    sys_command.o(.text) refers (Special) to indicate_semi.o(.text) for __semihosting_library_function
    defsig_rtmem_outer.o(.text) refers to defsig_rtmem_inner.o(.text) for __rt_SIGRTMEM_inner
    defsig_rtmem_outer.o(.text) refers to defsig_exit.o(.text) for __sig_exit
    defsig_rtmem_formal.o(.text) refers to rt_raise.o(.text) for __rt_raise
    rt_raise.o(.text) refers to __raise.o(.text) for __raise
    rt_raise.o(.text) refers to sys_exit.o(.text) for _sys_exit
    defsig_exit.o(.text) refers to sys_exit.o(.text) for _sys_exit
    defsig_rtmem_inner.o(.text) refers to defsig_general.o(.text) for __default_signal_display
    __raise.o(.text) refers to defsig.o(CL$$defsig) for __default_signal_handler
    defsig_general.o(.text) refers to sys_wrch.o(.text) for _ttywrch
    sys_wrch.o(.text) refers (Special) to use_no_semi.o(.text) for __I$use$semihosting
    sys_wrch.o(.text) refers (Special) to indicate_semi.o(.text) for __semihosting_library_function
    defsig.o(CL$$defsig) refers to defsig_rtmem_inner.o(.text) for __rt_SIGRTMEM_inner
    defsig_abrt_inner.o(.text) refers to defsig_general.o(.text) for __default_signal_display
    defsig_fpe_inner.o(.text) refers to defsig_general.o(.text) for __default_signal_display
    defsig_rtred_inner.o(.text) refers to defsig_general.o(.text) for __default_signal_display
    defsig_stak_inner.o(.text) refers to defsig_general.o(.text) for __default_signal_display
    defsig_pvfn_inner.o(.text) refers to defsig_general.o(.text) for __default_signal_display
    defsig_cppl_inner.o(.text) refers to defsig_general.o(.text) for __default_signal_display
    defsig_segv_inner.o(.text) refers to defsig_general.o(.text) for __default_signal_display
    defsig_other.o(.text) refers to defsig_general.o(.text) for __default_signal_display


==============================================================================

Removing Unused input sections from the image.

    Removing st7735.o(i.Output_Off), (8 bytes).
    Removing st7735.o(i.Output_On), (8 bytes).
    Removing st7735.o(i.ST7735_Color565), (24 bytes).
    Removing st7735.o(i.ST7735_DrawChar), (272 bytes).
    Removing st7735.o(i.ST7735_DrawFastVLine), (124 bytes).
    Removing st7735.o(i.ST7735_InitB), (40 bytes).
    Removing st7735.o(i.ST7735_InvertDisplay), (22 bytes).
    Removing st7735.o(i.ST7735_OutUDec), (140 bytes).
    Removing st7735.o(i.ST7735_PlotBar), (88 bytes).
    Removing st7735.o(i.ST7735_PlotClear), (92 bytes).
    Removing st7735.o(i.ST7735_PlotLine), (264 bytes).
    Removing st7735.o(i.ST7735_PlotNext), (32 bytes).
    Removing st7735.o(i.ST7735_PlotNextErase), (64 bytes).
    Removing st7735.o(i.ST7735_PlotPoint), (152 bytes).
    Removing st7735.o(i.ST7735_PlotPoints), (172 bytes).
    Removing st7735.o(i.ST7735_PlotdBfs), (60 bytes).
    Removing st7735.o(i.ST7735_SetRotation), (212 bytes).
    Removing st7735.o(i.ST7735_SwapColor), (18 bytes).
    Removing st7735.o(i.ferror), (8 bytes).
    Removing st7735.o(i.fgetc), (6 bytes).
    Removing st7735.o(i.fillmessage), (72 bytes).
    Removing st7735.o(i.fputc), (16 bytes).
    Removing st7735.o(.bss), (12 bytes).

23 unused section(s) (total 1906 bytes) removed from the image.

==============================================================================

Image Symbol Table

    Local Symbols

    Symbol Name                              Value     Ov Type        Size  Object(Section)

    RESET                                    0x00000000   Section      644  startup.o(RESET)
    ../clib/angel/boardlib.s                 0x00000000   Number         0  boardinit3.o ABSOLUTE
    ../clib/angel/boardlib.s                 0x00000000   Number         0  boardinit2.o ABSOLUTE
    ../clib/angel/boardlib.s                 0x00000000   Number         0  boardinit1.o ABSOLUTE
    ../clib/angel/boardlib.s                 0x00000000   Number         0  boardshut.o ABSOLUTE
    ../clib/angel/dczerorl2.s                0x00000000   Number         0  __dczerorl2.o ABSOLUTE
    ../clib/angel/handlers.s                 0x00000000   Number         0  __scatter_zi.o ABSOLUTE
    ../clib/angel/kernel.s                   0x00000000   Number         0  rtexit.o ABSOLUTE
    ../clib/angel/kernel.s                   0x00000000   Number         0  __rtentry4.o ABSOLUTE
    ../clib/angel/kernel.s                   0x00000000   Number         0  rtexit2.o ABSOLUTE
    ../clib/angel/kernel.s                   0x00000000   Number         0  __rtentry2.o ABSOLUTE
    ../clib/angel/kernel.s                   0x00000000   Number         0  __rtentry.o ABSOLUTE
    ../clib/angel/rt.s                       0x00000000   Number         0  rt_raise.o ABSOLUTE
    ../clib/angel/scatter.s                  0x00000000   Number         0  __scatter.o ABSOLUTE
    ../clib/angel/startup.s                  0x00000000   Number         0  __main.o ABSOLUTE
    ../clib/angel/sys.s                      0x00000000   Number         0  use_no_semi.o ABSOLUTE
    ../clib/angel/sys.s                      0x00000000   Number         0  libspace.o ABSOLUTE
    ../clib/angel/sys.s                      0x00000000   Number         0  sys_stackheap_outer.o ABSOLUTE
    ../clib/angel/sys.s                      0x00000000   Number         0  indicate_semi.o ABSOLUTE
    ../clib/angel/sysapp.c                   0x00000000   Number         0  sys_command.o ABSOLUTE
    ../clib/angel/sysapp.c                   0x00000000   Number         0  sys_wrch.o ABSOLUTE
    ../clib/angel/sysapp.c                   0x00000000   Number         0  sys_exit.o ABSOLUTE
    ../clib/armsys.c                         0x00000000   Number         0  argv_veneer.o ABSOLUTE
    ../clib/armsys.c                         0x00000000   Number         0  _get_argv_nomalloc.o ABSOLUTE
    ../clib/armsys.c                         0x00000000   Number         0  no_argv.o ABSOLUTE
    ../clib/armsys.c                         0x00000000   Number         0  argv_veneer.o ABSOLUTE
    ../clib/heapalloc.c                      0x00000000   Number         0  hrguard.o ABSOLUTE
    ../clib/heapaux.c                        0x00000000   Number         0  heapauxi.o ABSOLUTE
    ../clib/libinit.s                        0x00000000   Number         0  libinit2.o ABSOLUTE
    ../clib/libinit.s                        0x00000000   Number         0  libshutdown2.o ABSOLUTE
    ../clib/libinit.s                        0x00000000   Number         0  libinit.o ABSOLUTE
    ../clib/libinit.s                        0x00000000   Number         0  libshutdown.o ABSOLUTE
    ../clib/signal.c                         0x00000000   Number         0  defsig_rtmem_formal.o ABSOLUTE
    ../clib/signal.c                         0x00000000   Number         0  defsig_pvfn_inner.o ABSOLUTE
    ../clib/signal.c                         0x00000000   Number         0  defsig_abrt_inner.o ABSOLUTE
    ../clib/signal.c                         0x00000000   Number         0  defsig_fpe_inner.o ABSOLUTE
    ../clib/signal.c                         0x00000000   Number         0  defsig_rtred_inner.o ABSOLUTE
    ../clib/signal.c                         0x00000000   Number         0  __raise.o ABSOLUTE
    ../clib/signal.c                         0x00000000   Number         0  defsig_stak_inner.o ABSOLUTE
    ../clib/signal.c                         0x00000000   Number         0  defsig_rtmem_inner.o ABSOLUTE
    ../clib/signal.c                         0x00000000   Number         0  defsig_other.o ABSOLUTE
    ../clib/signal.c                         0x00000000   Number         0  defsig_segv_inner.o ABSOLUTE
    ../clib/signal.c                         0x00000000   Number         0  defsig_exit.o ABSOLUTE
    ../clib/signal.c                         0x00000000   Number         0  defsig_general.o ABSOLUTE
    ../clib/signal.c                         0x00000000   Number         0  defsig_rtmem_outer.o ABSOLUTE
    ../clib/signal.c                         0x00000000   Number         0  defsig_cppl_inner.o ABSOLUTE
    ../clib/signal.s                         0x00000000   Number         0  defsig.o ABSOLUTE
    ../clib/stdlib.c                         0x00000000   Number         0  exit.o ABSOLUTE
    ../fplib/fpinit.s                        0x00000000   Number         0  fpinit.o ABSOLUTE
    ADC.c                                    0x00000000   Number         0  adc.o ABSOLUTE
    Creatures.c                              0x00000000   Number         0  creatures.o ABSOLUTE
    DAC.c                                    0x00000000   Number         0  dac.o ABSOLUTE
    LCD.s                                    0x00000000   Number         0  lcd.o ABSOLUTE
    PLL.c                                    0x00000000   Number         0  pll.o ABSOLUTE
    Print.s                                  0x00000000   Number         0  print.o ABSOLUTE
    ST7735.c                                 0x00000000   Number         0  st7735.o ABSOLUTE
    Sound.c                                  0x00000000   Number         0  sound.o ABSOLUTE
    SpaceInvaders.c                          0x00000000   Number         0  spaceinvaders.o ABSOLUTE
    SysTick.c                                0x00000000   Number         0  systick.o ABSOLUTE
    Timer0.c                                 0x00000000   Number         0  timer0.o ABSOLUTE
    Timer1.c                                 0x00000000   Number         0  timer1.o ABSOLUTE
    Timer2.c                                 0x00000000   Number         0  timer2.o ABSOLUTE
    dc.s                                     0x00000000   Number         0  dc.o ABSOLUTE
    random.s                                 0x00000000   Number         0  random.o ABSOLUTE
    startup.s                                0x00000000   Number         0  startup.o ABSOLUTE
    !!!main                                  0x00000284   Section        8  __main.o(!!!main)
    !!!scatter                               0x0000028c   Section       52  __scatter.o(!!!scatter)
    !!dczerorl2                              0x000002c0   Section       90  __dczerorl2.o(!!dczerorl2)
    !!handler_zi                             0x0000031c   Section       28  __scatter_zi.o(!!handler_zi)
    .ARM.Collect$$libinit$$00000000          0x00000338   Section        2  libinit.o(.ARM.Collect$$libinit$$00000000)
    .ARM.Collect$$libinit$$00000002          0x0000033a   Section        0  libinit2.o(.ARM.Collect$$libinit$$00000002)
    .ARM.Collect$$libinit$$00000004          0x0000033a   Section        0  libinit2.o(.ARM.Collect$$libinit$$00000004)
    .ARM.Collect$$libinit$$0000000A          0x0000033a   Section        0  libinit2.o(.ARM.Collect$$libinit$$0000000A)
    .ARM.Collect$$libinit$$0000000C          0x0000033a   Section        0  libinit2.o(.ARM.Collect$$libinit$$0000000C)
    .ARM.Collect$$libinit$$0000000E          0x0000033a   Section        0  libinit2.o(.ARM.Collect$$libinit$$0000000E)
    .ARM.Collect$$libinit$$00000011          0x0000033a   Section        0  libinit2.o(.ARM.Collect$$libinit$$00000011)
    .ARM.Collect$$libinit$$00000013          0x0000033a   Section        0  libinit2.o(.ARM.Collect$$libinit$$00000013)
    .ARM.Collect$$libinit$$00000015          0x0000033a   Section        0  libinit2.o(.ARM.Collect$$libinit$$00000015)
    .ARM.Collect$$libinit$$00000017          0x0000033a   Section        0  libinit2.o(.ARM.Collect$$libinit$$00000017)
    .ARM.Collect$$libinit$$00000019          0x0000033a   Section        0  libinit2.o(.ARM.Collect$$libinit$$00000019)
    .ARM.Collect$$libinit$$0000001B          0x0000033a   Section        0  libinit2.o(.ARM.Collect$$libinit$$0000001B)
    .ARM.Collect$$libinit$$0000001D          0x0000033a   Section        0  libinit2.o(.ARM.Collect$$libinit$$0000001D)
    .ARM.Collect$$libinit$$0000001F          0x0000033a   Section        0  libinit2.o(.ARM.Collect$$libinit$$0000001F)
    .ARM.Collect$$libinit$$00000021          0x0000033a   Section        0  libinit2.o(.ARM.Collect$$libinit$$00000021)
    .ARM.Collect$$libinit$$00000023          0x0000033a   Section        0  libinit2.o(.ARM.Collect$$libinit$$00000023)
    .ARM.Collect$$libinit$$00000025          0x0000033a   Section        0  libinit2.o(.ARM.Collect$$libinit$$00000025)
    .ARM.Collect$$libinit$$0000002C          0x0000033a   Section        0  libinit2.o(.ARM.Collect$$libinit$$0000002C)
    .ARM.Collect$$libinit$$0000002E          0x0000033a   Section        0  libinit2.o(.ARM.Collect$$libinit$$0000002E)
    .ARM.Collect$$libinit$$00000030          0x0000033a   Section        0  libinit2.o(.ARM.Collect$$libinit$$00000030)
    .ARM.Collect$$libinit$$00000032          0x0000033a   Section        0  libinit2.o(.ARM.Collect$$libinit$$00000032)
    .ARM.Collect$$libinit$$00000033          0x0000033a   Section        2  libinit2.o(.ARM.Collect$$libinit$$00000033)
    .ARM.Collect$$libshutdown$$00000000      0x0000033c   Section        2  libshutdown.o(.ARM.Collect$$libshutdown$$00000000)
    .ARM.Collect$$libshutdown$$00000002      0x0000033e   Section        0  libshutdown2.o(.ARM.Collect$$libshutdown$$00000002)
    .ARM.Collect$$libshutdown$$00000004      0x0000033e   Section        0  libshutdown2.o(.ARM.Collect$$libshutdown$$00000004)
    .ARM.Collect$$libshutdown$$00000007      0x0000033e   Section        0  libshutdown2.o(.ARM.Collect$$libshutdown$$00000007)
    .ARM.Collect$$libshutdown$$0000000A      0x0000033e   Section        0  libshutdown2.o(.ARM.Collect$$libshutdown$$0000000A)
    .ARM.Collect$$libshutdown$$0000000C      0x0000033e   Section        0  libshutdown2.o(.ARM.Collect$$libshutdown$$0000000C)
    .ARM.Collect$$libshutdown$$0000000F      0x0000033e   Section        0  libshutdown2.o(.ARM.Collect$$libshutdown$$0000000F)
    .ARM.Collect$$libshutdown$$00000010      0x0000033e   Section        2  libshutdown2.o(.ARM.Collect$$libshutdown$$00000010)
    .ARM.Collect$$rtentry$$00000000          0x00000340   Section        0  __rtentry.o(.ARM.Collect$$rtentry$$00000000)
    .ARM.Collect$$rtentry$$00000002          0x00000340   Section        0  __rtentry2.o(.ARM.Collect$$rtentry$$00000002)
    .ARM.Collect$$rtentry$$00000004          0x00000340   Section        6  __rtentry4.o(.ARM.Collect$$rtentry$$00000004)
    .ARM.Collect$$rtentry$$00000009          0x00000346   Section        0  __rtentry2.o(.ARM.Collect$$rtentry$$00000009)
    .ARM.Collect$$rtentry$$0000000A          0x00000346   Section        4  __rtentry2.o(.ARM.Collect$$rtentry$$0000000A)
    .ARM.Collect$$rtentry$$0000000C          0x0000034a   Section        0  __rtentry2.o(.ARM.Collect$$rtentry$$0000000C)
    .ARM.Collect$$rtentry$$0000000D          0x0000034a   Section        8  __rtentry2.o(.ARM.Collect$$rtentry$$0000000D)
    .ARM.Collect$$rtexit$$00000000           0x00000352   Section        2  rtexit.o(.ARM.Collect$$rtexit$$00000000)
    .ARM.Collect$$rtexit$$00000002           0x00000354   Section        0  rtexit2.o(.ARM.Collect$$rtexit$$00000002)
    .ARM.Collect$$rtexit$$00000003           0x00000354   Section        4  rtexit2.o(.ARM.Collect$$rtexit$$00000003)
    .ARM.Collect$$rtexit$$00000004           0x00000358   Section        6  rtexit2.o(.ARM.Collect$$rtexit$$00000004)
    .text                                    0x00000360   Section       48  startup.o(.text)
    .text                                    0x00000390   Section       60  random.o(.text)
    .text                                    0x000003cc   Section       80  lcd.o(.text)
    .text                                    0x0000041c   Section      272  print.o(.text)
    .text                                    0x0000052c   Section        0  heapauxi.o(.text)
    .text                                    0x00000532   Section       74  sys_stackheap_outer.o(.text)
    .text                                    0x0000057c   Section        0  exit.o(.text)
    .text                                    0x00000590   Section        8  libspace.o(.text)
    .text                                    0x00000598   Section        0  sys_exit.o(.text)
    .text                                    0x000005a4   Section        2  use_no_semi.o(.text)
    .text                                    0x000005a6   Section        0  indicate_semi.o(.text)
    i.ADC_In                                 0x000005a8   Section        0  adc.o(i.ADC_In)
    i.ADC_Init                               0x000005d4   Section        0  adc.o(i.ADC_Init)
    i.Button_Init                            0x000006c4   Section        0  spaceinvaders.o(i.Button_Init)
    i.Convert                                0x000006e8   Section        0  systick.o(i.Convert)
    i.DAC_Init                               0x000006f8   Section        0  dac.o(i.DAC_Init)
    i.DAC_Out                                0x0000071c   Section        0  dac.o(i.DAC_Out)
    i.Delay100ms                             0x0000072c   Section        0  spaceinvaders.o(i.Delay100ms)
    i.Delay1ms                               0x00000750   Section        0  st7735.o(i.Delay1ms)
    i.Display_Score                          0x00000770   Section        0  spaceinvaders.o(i.Display_Score)
    i.Game_Over                              0x00000818   Section        0  spaceinvaders.o(i.Game_Over)
    i.IO_Init                                0x000008d8   Section        0  spaceinvaders.o(i.IO_Init)
    i.Intro_Screen                           0x00000900   Section        0  spaceinvaders.o(i.Intro_Screen)
    i.LED_Init                               0x000009b8   Section        0  spaceinvaders.o(i.LED_Init)
    i.Language_Select                        0x00000a08   Section        0  spaceinvaders.o(i.Language_Select)
    i.Level_One                              0x00000b04   Section        0  spaceinvaders.o(i.Level_One)
    i.Level_Three                            0x00000b9c   Section        0  spaceinvaders.o(i.Level_Three)
    i.Level_Two                              0x00000d2c   Section        0  spaceinvaders.o(i.Level_Two)
    i.Output_Clear                           0x00000e9c   Section        0  st7735.o(i.Output_Clear)
    i.Output_Color                           0x00000ea6   Section        0  st7735.o(i.Output_Color)
    i.Output_Init                            0x00000eb2   Section        0  st7735.o(i.Output_Init)
    i.PLL_Init                               0x00000ec4   Section        0  pll.o(i.PLL_Init)
    i.ST7735_DrawBitmap                      0x00000f40   Section        0  st7735.o(i.ST7735_DrawBitmap)
    i.ST7735_DrawCharS                       0x00001060   Section        0  st7735.o(i.ST7735_DrawCharS)
    i.ST7735_DrawFastHLine                   0x00001158   Section        0  st7735.o(i.ST7735_DrawFastHLine)
    i.ST7735_DrawPixel                       0x000011d4   Section        0  st7735.o(i.ST7735_DrawPixel)
    i.ST7735_DrawString                      0x0000121c   Section        0  st7735.o(i.ST7735_DrawString)
    i.ST7735_FillRect                        0x00001270   Section        0  st7735.o(i.ST7735_FillRect)
    i.ST7735_FillScreen                      0x0000131c   Section        0  st7735.o(i.ST7735_FillScreen)
    i.ST7735_InitR                           0x00001340   Section        0  st7735.o(i.ST7735_InitR)
    i.ST7735_OutChar                         0x000013bc   Section        0  st7735.o(i.ST7735_OutChar)
    i.ST7735_OutString                       0x00001490   Section        0  st7735.o(i.ST7735_OutString)
    i.ST7735_SetCursor                       0x000014a8   Section        0  st7735.o(i.ST7735_SetCursor)
    i.ST7735_SetTextColor                    0x000014c8   Section        0  st7735.o(i.ST7735_SetTextColor)
    i.Sound_Init                             0x000014d4   Section        0  sound.o(i.Sound_Init)
    i.SysTick_Handler                        0x000014dc   Section        0  systick.o(i.SysTick_Handler)
    i.SysTick_Init                           0x000015c4   Section        0  systick.o(i.SysTick_Init)
    i.Timer0A_Handler                        0x000015e8   Section        0  timer0.o(i.Timer0A_Handler)
    i.Timer0A_Stop                           0x00001600   Section        0  timer0.o(i.Timer0A_Stop)
    i.Timer0_Init                            0x00001620   Section        0  timer0.o(i.Timer0_Init)
    i.Timer1A_Handler                        0x00001680   Section        0  timer1.o(i.Timer1A_Handler)
    i.Timer1_Init                            0x00001694   Section        0  timer1.o(i.Timer1_Init)
    i.Timer2A_Handler                        0x000016f8   Section        0  timer2.o(i.Timer2A_Handler)
    i.Timer2_Init                            0x00001760   Section        0  timer2.o(i.Timer2_Init)
    i.checkHit                               0x000017dc   Section        0  creatures.o(i.checkHit)
    i.checkPlayerHit                         0x00001850   Section        0  creatures.o(i.checkPlayerHit)
    i.commandList                            0x00001940   Section        0  st7735.o(i.commandList)
    commandList                              0x00001941   Thumb Code    86  st7735.o(i.commandList)
    i.commonInit                             0x00001998   Section        0  st7735.o(i.commonInit)
    commonInit                               0x00001999   Thumb Code   342  st7735.o(i.commonInit)
    i.drawBackground                         0x00001b20   Section        0  spaceinvaders.o(i.drawBackground)
    i.drawCreatures                          0x00001bd4   Section        0  spaceinvaders.o(i.drawCreatures)
    i.enemyMove                              0x0000216c   Section        0  creatures.o(i.enemyMove)
    i.humanFail                              0x000022b8   Section        0  spaceinvaders.o(i.humanFail)
    i.humanMove                              0x00002368   Section        0  creatures.o(i.humanMove)
    i.landerMove                             0x00002488   Section        0  creatures.o(i.landerMove)
    i.main                                   0x000028f4   Section        0  spaceinvaders.o(i.main)
    i.movePlayerShot                         0x0000298c   Section        0  creatures.o(i.movePlayerShot)
    i.moveShot                               0x000029ec   Section        0  creatures.o(i.moveShot)
    i.mutantMove                             0x00002ab4   Section        0  creatures.o(i.mutantMove)
    i.playsample                             0x00002cec   Section        0  sound.o(i.playsample)
    i.playsound                              0x00002d38   Section        0  sound.o(i.playsound)
    i.pushColor                              0x00002d54   Section        0  st7735.o(i.pushColor)
    pushColor                                0x00002d55   Thumb Code    18  st7735.o(i.pushColor)
    i.setAddrWindow                          0x00002d68   Section        0  st7735.o(i.setAddrWindow)
    setAddrWindow                            0x00002d69   Thumb Code   106  st7735.o(i.setAddrWindow)
    i.spawnLander                            0x00002ddc   Section        0  creatures.o(i.spawnLander)
    i.spawnMutant                            0x00002e6c   Section        0  creatures.o(i.spawnMutant)
    i.spawnPlayerShot                        0x00002efc   Section        0  creatures.o(i.spawnPlayerShot)
    i.spawnShot                              0x00002f7c   Section        0  creatures.o(i.spawnShot)
    .constdata                               0x00002fec   Section    112185  sound.o(.constdata)
    .constdata                               0x0001e628   Section    14180  spaceinvaders.o(.constdata)
    .constdata                               0x00021d8c   Section     2018  st7735.o(.constdata)
    Font                                     0x00021d8c   Data        1275  st7735.o(.constdata)
    Bcmd                                     0x00022287   Data         103  st7735.o(.constdata)
    Rcmd1                                    0x000222ee   Data          59  st7735.o(.constdata)
    Rcmd2green                               0x00022329   Data          13  st7735.o(.constdata)
    Rcmd2red                                 0x00022336   Data          13  st7735.o(.constdata)
    Rcmd3                                    0x00022343   Data          43  st7735.o(.constdata)
    .constdata                               0x00022570   Section       24  creatures.o(.constdata)
    .data                                    0x20000000   Section        4  timer0.o(.data)
    .data                                    0x20000004   Section        5  timer1.o(.data)
    .data                                    0x2000000c   Section       56  sound.o(.data)
    .data                                    0x20000044   Section        2  spaceinvaders.o(.data)
    .data                                    0x20000048   Section       44  st7735.o(.data)
    ColStart                                 0x20000052   Data           1  st7735.o(.data)
    RowStart                                 0x20000053   Data           1  st7735.o(.data)
    Rotation                                 0x20000054   Data           1  st7735.o(.data)
    TabColor                                 0x20000055   Data           1  st7735.o(.data)
    _width                                   0x20000056   Data           2  st7735.o(.data)
    _height                                  0x20000058   Data           2  st7735.o(.data)
    .data                                    0x20000074   Section      219  creatures.o(.data)
    .data                                    0x2000014f   Section        4  timer2.o(.data)
    .data                                    0x20000154   Section       13  systick.o(.data)
    DATA                                     0x20000164   Section        4  random.o(DATA)
    M                                        0x20000164   Data           4  random.o(DATA)
    .bss                                     0x20000168   Section       96  libspace.o(.bss)
    HEAP                                     0x200001c8   Section        0  startup.o(HEAP)
    STACK                                    0x200001c8   Section     1024  startup.o(STACK)
    HeapMem                                  0x200001c8   Data           0  startup.o(HEAP)
    StackMem                                 0x200001c8   Data           0  startup.o(STACK)

    Global Symbols

    Symbol Name                              Value     Ov Type        Size  Object(Section)

    BuildAttributes$$THM_ISAv4$E$P$D$K$B$S$7EM$PE$A:L22UL41UL21$X:L11$S22US41US21$IEEE1$IW$USESV6$~STKCKD$USESV7$~SHL$OSPACE$ROPI$EBA8$UX$STANDARDLIB$REQ8$PRES8$EABIv2 0x00000000   Number         0  anon$$obj.o ABSOLUTE
    __ARM_use_no_argv                        0x00000000   Number         0  spaceinvaders.o ABSOLUTE
    __Vectors                                0x00000000   Data           0  startup.o(RESET)
    __ARM_exceptions_init                     - Undefined Weak Reference
    __alloca_initialize                       - Undefined Weak Reference
    __arm_preinit_                            - Undefined Weak Reference
    __cpp_initialize__aeabi_                  - Undefined Weak Reference
    __cxa_finalize                            - Undefined Weak Reference
    __rt_locale                               - Undefined Weak Reference
    __sigvec_lookup                           - Undefined Weak Reference
    _atexit_init                              - Undefined Weak Reference
    _call_atexit_fns                          - Undefined Weak Reference
    _clock_init                               - Undefined Weak Reference
    _fp_trap_init                             - Undefined Weak Reference
    _fp_trap_shutdown                         - Undefined Weak Reference
    _get_lc_collate                           - Undefined Weak Reference
    _get_lc_ctype                             - Undefined Weak Reference
    _get_lc_monetary                          - Undefined Weak Reference
    _get_lc_numeric                           - Undefined Weak Reference
    _get_lc_time                              - Undefined Weak Reference
    _getenv_init                              - Undefined Weak Reference
    _handle_redirection                       - Undefined Weak Reference
    _init_alloc                               - Undefined Weak Reference
    _init_user_alloc                          - Undefined Weak Reference
    _initio                                   - Undefined Weak Reference
    _rand_init                                - Undefined Weak Reference
    _signal_finish                            - Undefined Weak Reference
    _signal_init                              - Undefined Weak Reference
    _terminate_alloc                          - Undefined Weak Reference
    _terminate_user_alloc                     - Undefined Weak Reference
    _terminateio                              - Undefined Weak Reference
    Reset_Handler                            0x0000026d   Thumb Code     0  startup.o(RESET)
    NMI_Handler                              0x00000271   Thumb Code     2  startup.o(RESET)
    HardFault_Handler                        0x00000273   Thumb Code     2  startup.o(RESET)
    MemManage_Handler                        0x00000275   Thumb Code     2  startup.o(RESET)
    BusFault_Handler                         0x00000277   Thumb Code     2  startup.o(RESET)
    UsageFault_Handler                       0x00000279   Thumb Code     2  startup.o(RESET)
    SVC_Handler                              0x0000027b   Thumb Code     2  startup.o(RESET)
    DebugMon_Handler                         0x0000027d   Thumb Code     2  startup.o(RESET)
    PendSV_Handler                           0x0000027f   Thumb Code     2  startup.o(RESET)
    ADC0Seq0_Handler                         0x00000283   Thumb Code     0  startup.o(RESET)
    ADC0Seq1_Handler                         0x00000283   Thumb Code     0  startup.o(RESET)
    ADC0Seq2_Handler                         0x00000283   Thumb Code     0  startup.o(RESET)
    ADC0Seq3_Handler                         0x00000283   Thumb Code     0  startup.o(RESET)
    ADC1Seq0_Handler                         0x00000283   Thumb Code     0  startup.o(RESET)
    ADC1Seq1_Handler                         0x00000283   Thumb Code     0  startup.o(RESET)
    ADC1Seq2_Handler                         0x00000283   Thumb Code     0  startup.o(RESET)
    ADC1Seq3_Handler                         0x00000283   Thumb Code     0  startup.o(RESET)
    CAN0_Handler                             0x00000283   Thumb Code     0  startup.o(RESET)
    CAN1_Handler                             0x00000283   Thumb Code     0  startup.o(RESET)
    CAN2_Handler                             0x00000283   Thumb Code     0  startup.o(RESET)
    Comp0_Handler                            0x00000283   Thumb Code     0  startup.o(RESET)
    Comp1_Handler                            0x00000283   Thumb Code     0  startup.o(RESET)
    Comp2_Handler                            0x00000283   Thumb Code     0  startup.o(RESET)
    Ethernet_Handler                         0x00000283   Thumb Code     0  startup.o(RESET)
    ExtBus_Handler                           0x00000283   Thumb Code     0  startup.o(RESET)
    FPU_Handler                              0x00000283   Thumb Code     0  startup.o(RESET)
    Fan0_Handler                             0x00000283   Thumb Code     0  startup.o(RESET)
    FlashCtl_Handler                         0x00000283   Thumb Code     0  startup.o(RESET)
    GPIOPortA_Handler                        0x00000283   Thumb Code     0  startup.o(RESET)
    GPIOPortB_Handler                        0x00000283   Thumb Code     0  startup.o(RESET)
    GPIOPortC_Handler                        0x00000283   Thumb Code     0  startup.o(RESET)
    GPIOPortD_Handler                        0x00000283   Thumb Code     0  startup.o(RESET)
    GPIOPortE_Handler                        0x00000283   Thumb Code     0  startup.o(RESET)
    GPIOPortF_Handler                        0x00000283   Thumb Code     0  startup.o(RESET)
    GPIOPortG_Handler                        0x00000283   Thumb Code     0  startup.o(RESET)
    GPIOPortH_Handler                        0x00000283   Thumb Code     0  startup.o(RESET)
    GPIOPortJ_Handler                        0x00000283   Thumb Code     0  startup.o(RESET)
    GPIOPortK_Handler                        0x00000283   Thumb Code     0  startup.o(RESET)
    GPIOPortL_Handler                        0x00000283   Thumb Code     0  startup.o(RESET)
    GPIOPortM_Handler                        0x00000283   Thumb Code     0  startup.o(RESET)
    GPIOPortN_Handler                        0x00000283   Thumb Code     0  startup.o(RESET)
    GPIOPortP1_Handler                       0x00000283   Thumb Code     0  startup.o(RESET)
    GPIOPortP2_Handler                       0x00000283   Thumb Code     0  startup.o(RESET)
    GPIOPortP3_Handler                       0x00000283   Thumb Code     0  startup.o(RESET)
    GPIOPortP4_Handler                       0x00000283   Thumb Code     0  startup.o(RESET)
    GPIOPortP5_Handler                       0x00000283   Thumb Code     0  startup.o(RESET)
    GPIOPortP6_Handler                       0x00000283   Thumb Code     0  startup.o(RESET)
    GPIOPortP7_Handler                       0x00000283   Thumb Code     0  startup.o(RESET)
    GPIOPortP_Handler                        0x00000283   Thumb Code     0  startup.o(RESET)
    GPIOPortQ1_Handler                       0x00000283   Thumb Code     0  startup.o(RESET)
    GPIOPortQ2_Handler                       0x00000283   Thumb Code     0  startup.o(RESET)
    GPIOPortQ3_Handler                       0x00000283   Thumb Code     0  startup.o(RESET)
    GPIOPortQ4_Handler                       0x00000283   Thumb Code     0  startup.o(RESET)
    GPIOPortQ5_Handler                       0x00000283   Thumb Code     0  startup.o(RESET)
    GPIOPortQ6_Handler                       0x00000283   Thumb Code     0  startup.o(RESET)
    GPIOPortQ7_Handler                       0x00000283   Thumb Code     0  startup.o(RESET)
    GPIOPortQ_Handler                        0x00000283   Thumb Code     0  startup.o(RESET)
    GPIOPortR_Handler                        0x00000283   Thumb Code     0  startup.o(RESET)
    GPIOPortS_Handler                        0x00000283   Thumb Code     0  startup.o(RESET)
    Hibernate_Handler                        0x00000283   Thumb Code     0  startup.o(RESET)
    I2C0_Handler                             0x00000283   Thumb Code     0  startup.o(RESET)
    I2C1_Handler                             0x00000283   Thumb Code     0  startup.o(RESET)
    I2C2_Handler                             0x00000283   Thumb Code     0  startup.o(RESET)
    I2C3_Handler                             0x00000283   Thumb Code     0  startup.o(RESET)
    I2C4_Handler                             0x00000283   Thumb Code     0  startup.o(RESET)
    I2C5_Handler                             0x00000283   Thumb Code     0  startup.o(RESET)
    I2S0_Handler                             0x00000283   Thumb Code     0  startup.o(RESET)
    LPC0_Handler                             0x00000283   Thumb Code     0  startup.o(RESET)
    PECI0_Handler                            0x00000283   Thumb Code     0  startup.o(RESET)
    PWM0Fault_Handler                        0x00000283   Thumb Code     0  startup.o(RESET)
    PWM0Generator0_Handler                   0x00000283   Thumb Code     0  startup.o(RESET)
    PWM0Generator1_Handler                   0x00000283   Thumb Code     0  startup.o(RESET)
    PWM0Generator2_Handler                   0x00000283   Thumb Code     0  startup.o(RESET)
    PWM0Generator3_Handler                   0x00000283   Thumb Code     0  startup.o(RESET)
    PWM1Fault_Handler                        0x00000283   Thumb Code     0  startup.o(RESET)
    PWM1Generator0_Handler                   0x00000283   Thumb Code     0  startup.o(RESET)
    PWM1Generator1_Handler                   0x00000283   Thumb Code     0  startup.o(RESET)
    PWM1Generator2_Handler                   0x00000283   Thumb Code     0  startup.o(RESET)
    PWM1Generator3_Handler                   0x00000283   Thumb Code     0  startup.o(RESET)
    Quadrature0_Handler                      0x00000283   Thumb Code     0  startup.o(RESET)
    Quadrature1_Handler                      0x00000283   Thumb Code     0  startup.o(RESET)
    Quadrature2_Handler                      0x00000283   Thumb Code     0  startup.o(RESET)
    SSI0_Handler                             0x00000283   Thumb Code     0  startup.o(RESET)
    SSI1_Handler                             0x00000283   Thumb Code     0  startup.o(RESET)
    SSI2_Handler                             0x00000283   Thumb Code     0  startup.o(RESET)
    SSI3_Handler                             0x00000283   Thumb Code     0  startup.o(RESET)
    SysCtl_Handler                           0x00000283   Thumb Code     0  startup.o(RESET)
    Timer0B_Handler                          0x00000283   Thumb Code     0  startup.o(RESET)
    Timer1B_Handler                          0x00000283   Thumb Code     0  startup.o(RESET)
    Timer2B_Handler                          0x00000283   Thumb Code     0  startup.o(RESET)
    Timer3A_Handler                          0x00000283   Thumb Code     0  startup.o(RESET)
    Timer3B_Handler                          0x00000283   Thumb Code     0  startup.o(RESET)
    Timer4A_Handler                          0x00000283   Thumb Code     0  startup.o(RESET)
    Timer4B_Handler                          0x00000283   Thumb Code     0  startup.o(RESET)
    Timer5A_Handler                          0x00000283   Thumb Code     0  startup.o(RESET)
    Timer5B_Handler                          0x00000283   Thumb Code     0  startup.o(RESET)
    UART0_Handler                            0x00000283   Thumb Code     0  startup.o(RESET)
    UART1_Handler                            0x00000283   Thumb Code     0  startup.o(RESET)
    UART2_Handler                            0x00000283   Thumb Code     0  startup.o(RESET)
    UART3_Handler                            0x00000283   Thumb Code     0  startup.o(RESET)
    UART4_Handler                            0x00000283   Thumb Code     0  startup.o(RESET)
    UART5_Handler                            0x00000283   Thumb Code     0  startup.o(RESET)
    UART6_Handler                            0x00000283   Thumb Code     0  startup.o(RESET)
    UART7_Handler                            0x00000283   Thumb Code     0  startup.o(RESET)
    USB0_Handler                             0x00000283   Thumb Code     0  startup.o(RESET)
    WDT_Handler                              0x00000283   Thumb Code     0  startup.o(RESET)
    WideTimer0A_Handler                      0x00000283   Thumb Code     0  startup.o(RESET)
    WideTimer0B_Handler                      0x00000283   Thumb Code     0  startup.o(RESET)
    WideTimer1A_Handler                      0x00000283   Thumb Code     0  startup.o(RESET)
    WideTimer1B_Handler                      0x00000283   Thumb Code     0  startup.o(RESET)
    WideTimer2A_Handler                      0x00000283   Thumb Code     0  startup.o(RESET)
    WideTimer2B_Handler                      0x00000283   Thumb Code     0  startup.o(RESET)
    WideTimer3A_Handler                      0x00000283   Thumb Code     0  startup.o(RESET)
    WideTimer3B_Handler                      0x00000283   Thumb Code     0  startup.o(RESET)
    WideTimer4A_Handler                      0x00000283   Thumb Code     0  startup.o(RESET)
    WideTimer4B_Handler                      0x00000283   Thumb Code     0  startup.o(RESET)
    WideTimer5A_Handler                      0x00000283   Thumb Code     0  startup.o(RESET)
    WideTimer5B_Handler                      0x00000283   Thumb Code     0  startup.o(RESET)
    uDMA_Error                               0x00000283   Thumb Code     0  startup.o(RESET)
    uDMA_Handler                             0x00000283   Thumb Code     0  startup.o(RESET)
    __main                                   0x00000285   Thumb Code     8  __main.o(!!!main)
    __scatterload                            0x0000028d   Thumb Code     0  __scatter.o(!!!scatter)
    __scatterload_rt2                        0x0000028d   Thumb Code    44  __scatter.o(!!!scatter)
    __scatterload_rt2_thumb_only             0x0000028d   Thumb Code     0  __scatter.o(!!!scatter)
    __scatterload_null                       0x0000029b   Thumb Code     0  __scatter.o(!!!scatter)
    __decompress                             0x000002c1   Thumb Code    90  __dczerorl2.o(!!dczerorl2)
    __decompress1                            0x000002c1   Thumb Code     0  __dczerorl2.o(!!dczerorl2)
    __scatterload_zeroinit                   0x0000031d   Thumb Code    28  __scatter_zi.o(!!handler_zi)
    __rt_lib_init                            0x00000339   Thumb Code     0  libinit.o(.ARM.Collect$$libinit$$00000000)
    __rt_lib_init_alloca_1                   0x0000033b   Thumb Code     0  libinit2.o(.ARM.Collect$$libinit$$0000002E)
    __rt_lib_init_argv_1                     0x0000033b   Thumb Code     0  libinit2.o(.ARM.Collect$$libinit$$0000002C)
    __rt_lib_init_atexit_1                   0x0000033b   Thumb Code     0  libinit2.o(.ARM.Collect$$libinit$$0000001B)
    __rt_lib_init_clock_1                    0x0000033b   Thumb Code     0  libinit2.o(.ARM.Collect$$libinit$$00000021)
    __rt_lib_init_cpp_1                      0x0000033b   Thumb Code     0  libinit2.o(.ARM.Collect$$libinit$$00000032)
    __rt_lib_init_exceptions_1               0x0000033b   Thumb Code     0  libinit2.o(.ARM.Collect$$libinit$$00000030)
    __rt_lib_init_fp_1                       0x0000033b   Thumb Code     0  libinit2.o(.ARM.Collect$$libinit$$00000002)
    __rt_lib_init_fp_trap_1                  0x0000033b   Thumb Code     0  libinit2.o(.ARM.Collect$$libinit$$0000001F)
    __rt_lib_init_getenv_1                   0x0000033b   Thumb Code     0  libinit2.o(.ARM.Collect$$libinit$$00000023)
    __rt_lib_init_heap_1                     0x0000033b   Thumb Code     0  libinit2.o(.ARM.Collect$$libinit$$0000000A)
    __rt_lib_init_lc_collate_1               0x0000033b   Thumb Code     0  libinit2.o(.ARM.Collect$$libinit$$00000011)
    __rt_lib_init_lc_ctype_1                 0x0000033b   Thumb Code     0  libinit2.o(.ARM.Collect$$libinit$$00000013)
    __rt_lib_init_lc_monetary_1              0x0000033b   Thumb Code     0  libinit2.o(.ARM.Collect$$libinit$$00000015)
    __rt_lib_init_lc_numeric_1               0x0000033b   Thumb Code     0  libinit2.o(.ARM.Collect$$libinit$$00000017)
    __rt_lib_init_lc_time_1                  0x0000033b   Thumb Code     0  libinit2.o(.ARM.Collect$$libinit$$00000019)
    __rt_lib_init_preinit_1                  0x0000033b   Thumb Code     0  libinit2.o(.ARM.Collect$$libinit$$00000004)
    __rt_lib_init_rand_1                     0x0000033b   Thumb Code     0  libinit2.o(.ARM.Collect$$libinit$$0000000E)
    __rt_lib_init_return                     0x0000033b   Thumb Code     0  libinit2.o(.ARM.Collect$$libinit$$00000033)
    __rt_lib_init_signal_1                   0x0000033b   Thumb Code     0  libinit2.o(.ARM.Collect$$libinit$$0000001D)
    __rt_lib_init_stdio_1                    0x0000033b   Thumb Code     0  libinit2.o(.ARM.Collect$$libinit$$00000025)
    __rt_lib_init_user_alloc_1               0x0000033b   Thumb Code     0  libinit2.o(.ARM.Collect$$libinit$$0000000C)
    __rt_lib_shutdown                        0x0000033d   Thumb Code     0  libshutdown.o(.ARM.Collect$$libshutdown$$00000000)
    __rt_lib_shutdown_cpp_1                  0x0000033f   Thumb Code     0  libshutdown2.o(.ARM.Collect$$libshutdown$$00000002)
    __rt_lib_shutdown_fp_trap_1              0x0000033f   Thumb Code     0  libshutdown2.o(.ARM.Collect$$libshutdown$$00000007)
    __rt_lib_shutdown_heap_1                 0x0000033f   Thumb Code     0  libshutdown2.o(.ARM.Collect$$libshutdown$$0000000F)
    __rt_lib_shutdown_return                 0x0000033f   Thumb Code     0  libshutdown2.o(.ARM.Collect$$libshutdown$$00000010)
    __rt_lib_shutdown_signal_1               0x0000033f   Thumb Code     0  libshutdown2.o(.ARM.Collect$$libshutdown$$0000000A)
    __rt_lib_shutdown_stdio_1                0x0000033f   Thumb Code     0  libshutdown2.o(.ARM.Collect$$libshutdown$$00000004)
    __rt_lib_shutdown_user_alloc_1           0x0000033f   Thumb Code     0  libshutdown2.o(.ARM.Collect$$libshutdown$$0000000C)
    __rt_entry                               0x00000341   Thumb Code     0  __rtentry.o(.ARM.Collect$$rtentry$$00000000)
    __rt_entry_presh_1                       0x00000341   Thumb Code     0  __rtentry2.o(.ARM.Collect$$rtentry$$00000002)
    __rt_entry_sh                            0x00000341   Thumb Code     0  __rtentry4.o(.ARM.Collect$$rtentry$$00000004)
    __rt_entry_li                            0x00000347   Thumb Code     0  __rtentry2.o(.ARM.Collect$$rtentry$$0000000A)
    __rt_entry_postsh_1                      0x00000347   Thumb Code     0  __rtentry2.o(.ARM.Collect$$rtentry$$00000009)
    __rt_entry_main                          0x0000034b   Thumb Code     0  __rtentry2.o(.ARM.Collect$$rtentry$$0000000D)
    __rt_entry_postli_1                      0x0000034b   Thumb Code     0  __rtentry2.o(.ARM.Collect$$rtentry$$0000000C)
    __rt_exit                                0x00000353   Thumb Code     0  rtexit.o(.ARM.Collect$$rtexit$$00000000)
    __rt_exit_ls                             0x00000355   Thumb Code     0  rtexit2.o(.ARM.Collect$$rtexit$$00000003)
    __rt_exit_prels_1                        0x00000355   Thumb Code     0  rtexit2.o(.ARM.Collect$$rtexit$$00000002)
    __rt_exit_exit                           0x00000359   Thumb Code     0  rtexit2.o(.ARM.Collect$$rtexit$$00000004)
    DisableInterrupts                        0x00000361   Thumb Code     0  startup.o(.text)
    EnableInterrupts                         0x00000365   Thumb Code     0  startup.o(.text)
    StartCritical                            0x00000369   Thumb Code     0  startup.o(.text)
    EndCritical                              0x00000371   Thumb Code     0  startup.o(.text)
    WaitForInterrupt                         0x00000377   Thumb Code     0  startup.o(.text)
    __user_initial_stackheap                 0x0000037b   Thumb Code     0  startup.o(.text)
    Random_Init                              0x00000391   Thumb Code     0  random.o(.text)
    Random32                                 0x00000397   Thumb Code     2  random.o(.text)
    Random                                   0x000003a9   Thumb Code     2  random.o(.text)
    writecommand                             0x000003cd   Thumb Code     0  lcd.o(.text)
    writedata                                0x000003f7   Thumb Code     0  lcd.o(.text)
    LCD_OutDec                               0x0000041d   Thumb Code     0  print.o(.text)
    LCD_OutFix                               0x0000046d   Thumb Code     0  print.o(.text)
    __use_two_region_memory                  0x0000052d   Thumb Code     2  heapauxi.o(.text)
    __rt_heap_escrow$2region                 0x0000052f   Thumb Code     2  heapauxi.o(.text)
    __rt_heap_expand$2region                 0x00000531   Thumb Code     2  heapauxi.o(.text)
    __user_setup_stackheap                   0x00000533   Thumb Code    74  sys_stackheap_outer.o(.text)
    exit                                     0x0000057d   Thumb Code    18  exit.o(.text)
    __user_libspace                          0x00000591   Thumb Code     8  libspace.o(.text)
    __user_perproc_libspace                  0x00000591   Thumb Code     0  libspace.o(.text)
    __user_perthread_libspace                0x00000591   Thumb Code     0  libspace.o(.text)
    _sys_exit                                0x00000599   Thumb Code     8  sys_exit.o(.text)
    __I$use$semihosting                      0x000005a5   Thumb Code     0  use_no_semi.o(.text)
    __use_no_semihosting_swi                 0x000005a5   Thumb Code     2  use_no_semi.o(.text)
    __semihosting_library_function           0x000005a7   Thumb Code     0  indicate_semi.o(.text)
    ADC_In                                   0x000005a9   Thumb Code    38  adc.o(i.ADC_In)
    ADC_Init                                 0x000005d5   Thumb Code   218  adc.o(i.ADC_Init)
    Button_Init                              0x000006c5   Thumb Code    26  spaceinvaders.o(i.Button_Init)
    Convert                                  0x000006e9   Thumb Code    14  systick.o(i.Convert)
    DAC_Init                                 0x000006f9   Thumb Code    26  dac.o(i.DAC_Init)
    DAC_Out                                  0x0000071d   Thumb Code    10  dac.o(i.DAC_Out)
    Delay100ms                               0x0000072d   Thumb Code    30  spaceinvaders.o(i.Delay100ms)
    Delay1ms                                 0x00000751   Thumb Code    32  st7735.o(i.Delay1ms)
    Display_Score                            0x00000771   Thumb Code   134  spaceinvaders.o(i.Display_Score)
    Game_Over                                0x00000819   Thumb Code   130  spaceinvaders.o(i.Game_Over)
    IO_Init                                  0x000008d9   Thumb Code    34  spaceinvaders.o(i.IO_Init)
    Intro_Screen                             0x00000901   Thumb Code    82  spaceinvaders.o(i.Intro_Screen)
    LED_Init                                 0x000009b9   Thumb Code    66  spaceinvaders.o(i.LED_Init)
    Language_Select                          0x00000a09   Thumb Code   180  spaceinvaders.o(i.Language_Select)
    Level_One                                0x00000b05   Thumb Code    90  spaceinvaders.o(i.Level_One)
    Level_Three                              0x00000b9d   Thumb Code   290  spaceinvaders.o(i.Level_Three)
    Level_Two                                0x00000d2d   Thumb Code   290  spaceinvaders.o(i.Level_Two)
    Output_Clear                             0x00000e9d   Thumb Code    10  st7735.o(i.Output_Clear)
    Output_Color                             0x00000ea7   Thumb Code    12  st7735.o(i.Output_Color)
    Output_Init                              0x00000eb3   Thumb Code    16  st7735.o(i.Output_Init)
    PLL_Init                                 0x00000ec5   Thumb Code   120  pll.o(i.PLL_Init)
    ST7735_DrawBitmap                        0x00000f41   Thumb Code   280  st7735.o(i.ST7735_DrawBitmap)
    ST7735_DrawCharS                         0x00001061   Thumb Code   236  st7735.o(i.ST7735_DrawCharS)
    ST7735_DrawFastHLine                     0x00001159   Thumb Code   116  st7735.o(i.ST7735_DrawFastHLine)
    ST7735_DrawPixel                         0x000011d5   Thumb Code    64  st7735.o(i.ST7735_DrawPixel)
    ST7735_DrawString                        0x0000121d   Thumb Code    84  st7735.o(i.ST7735_DrawString)
    ST7735_FillRect                          0x00001271   Thumb Code   164  st7735.o(i.ST7735_FillRect)
    ST7735_FillScreen                        0x0000131d   Thumb Code    28  st7735.o(i.ST7735_FillScreen)
    ST7735_InitR                             0x00001341   Thumb Code    90  st7735.o(i.ST7735_InitR)
    ST7735_OutChar                           0x000013bd   Thumb Code   176  st7735.o(i.ST7735_OutChar)
    ST7735_OutString                         0x00001491   Thumb Code    22  st7735.o(i.ST7735_OutString)
    ST7735_SetCursor                         0x000014a9   Thumb Code    22  st7735.o(i.ST7735_SetCursor)
    ST7735_SetTextColor                      0x000014c9   Thumb Code     6  st7735.o(i.ST7735_SetTextColor)
    Sound_Init                               0x000014d5   Thumb Code     8  sound.o(i.Sound_Init)
    SysTick_Handler                          0x000014dd   Thumb Code   200  systick.o(i.SysTick_Handler)
    SysTick_Init                             0x000015c5   Thumb Code    28  systick.o(i.SysTick_Init)
    Timer0A_Handler                          0x000015e9   Thumb Code    16  timer0.o(i.Timer0A_Handler)
    Timer0A_Stop                             0x00001601   Thumb Code    22  timer0.o(i.Timer0A_Stop)
    Timer0_Init                              0x00001621   Thumb Code    74  timer0.o(i.Timer0_Init)
    Timer1A_Handler                          0x00001681   Thumb Code    12  timer1.o(i.Timer1A_Handler)
    Timer1_Init                              0x00001695   Thumb Code    76  timer1.o(i.Timer1_Init)
    Timer2A_Handler                          0x000016f9   Thumb Code    84  timer2.o(i.Timer2A_Handler)
    Timer2_Init                              0x00001761   Thumb Code    88  timer2.o(i.Timer2_Init)
    checkHit                                 0x000017dd   Thumb Code   102  creatures.o(i.checkHit)
    checkPlayerHit                           0x00001851   Thumb Code   222  creatures.o(i.checkPlayerHit)
    drawBackground                           0x00001b21   Thumb Code   154  spaceinvaders.o(i.drawBackground)
    drawCreatures                            0x00001bd5   Thumb Code  1416  spaceinvaders.o(i.drawCreatures)
    enemyMove                                0x0000216d   Thumb Code   284  creatures.o(i.enemyMove)
    humanFail                                0x000022b9   Thumb Code    72  spaceinvaders.o(i.humanFail)
    humanMove                                0x00002369   Thumb Code   274  creatures.o(i.humanMove)
    landerMove                               0x00002489   Thumb Code  1124  creatures.o(i.landerMove)
    main                                     0x000028f5   Thumb Code   132  spaceinvaders.o(i.main)
    movePlayerShot                           0x0000298d   Thumb Code    90  creatures.o(i.movePlayerShot)
    moveShot                                 0x000029ed   Thumb Code   194  creatures.o(i.moveShot)
    mutantMove                               0x00002ab5   Thumb Code   554  creatures.o(i.mutantMove)
    playsample                               0x00002ced   Thumb Code    62  sound.o(i.playsample)
    playsound                                0x00002d39   Thumb Code    20  sound.o(i.playsound)
    spawnLander                              0x00002ddd   Thumb Code   122  creatures.o(i.spawnLander)
    spawnMutant                              0x00002e6d   Thumb Code   122  creatures.o(i.spawnMutant)
    spawnPlayerShot                          0x00002efd   Thumb Code   110  creatures.o(i.spawnPlayerShot)
    spawnShot                                0x00002f7d   Thumb Code   100  creatures.o(i.spawnShot)
    shootWav                                 0x00002fec   Data        4080  sound.o(.constdata)
    playerDieWav                             0x00003fdc   Data       26624  sound.o(.constdata)
    thrustWav                                0x0000a7dc   Data       10494  sound.o(.constdata)
    scoreTableWav                            0x0000d0da   Data       30720  sound.o(.constdata)
    laserWav                                 0x000148da   Data        7339  sound.o(.constdata)
    defenderStartWav                         0x00016585   Data       32928  sound.o(.constdata)
    landerSprite                             0x0001e628   Data         338  spaceinvaders.o(.constdata)
    deadLanderSprite                         0x0001e77a   Data         312  spaceinvaders.o(.constdata)
    mutantSprite                             0x0001e8b2   Data         312  spaceinvaders.o(.constdata)
    deadMutantSprite                         0x0001e9ea   Data         312  spaceinvaders.o(.constdata)
    explosionSprite                          0x0001eb22   Data         312  spaceinvaders.o(.constdata)
    humanSprite                              0x0001ec5a   Data         168  spaceinvaders.o(.constdata)
    deadHumanSprite                          0x0001ed02   Data         168  spaceinvaders.o(.constdata)
    playerShot                               0x0001edaa   Data          48  spaceinvaders.o(.constdata)
    enemyShot                                0x0001edda   Data          98  spaceinvaders.o(.constdata)
    ship_black                               0x0001ee3c   Data         240  spaceinvaders.o(.constdata)
    ship_moving_black                        0x0001ef2c   Data         304  spaceinvaders.o(.constdata)
    ship_right                               0x0001f05c   Data         240  spaceinvaders.o(.constdata)
    ship_moving_right                        0x0001f14c   Data         304  spaceinvaders.o(.constdata)
    ship_left                                0x0001f27c   Data         240  spaceinvaders.o(.constdata)
    ship_moving_left                         0x0001f36c   Data         304  spaceinvaders.o(.constdata)
    deadPlayer                               0x0001f49c   Data         240  spaceinvaders.o(.constdata)
    globe                                    0x0001f58c   Data        3872  spaceinvaders.o(.constdata)
    title                                    0x000204ac   Data        6344  spaceinvaders.o(.constdata)
    dBfs                                     0x0002236e   Data         512  st7735.o(.constdata)
    Region$$Table$$Base                      0x00022588   Number         0  anon$$obj.o(Region$$Table)
    Region$$Table$$Limit                     0x000225a8   Number         0  anon$$obj.o(Region$$Table)
    PeriodicTask0                            0x20000000   Data           4  timer0.o(.data)
    PeriodicTask1                            0x20000004   Data           4  timer1.o(.data)
    enemyflag                                0x20000008   Data           1  timer1.o(.data)
    sound2play                               0x2000000c   Data           1  sound.o(.data)
    sounds                                   0x20000010   Data          48  sound.o(.data)
    pIndex                                   0x20000040   Data           4  sound.o(.data)
    Language                                 0x20000044   Data           1  spaceinvaders.o(.data)
    failScreen                               0x20000045   Data           1  spaceinvaders.o(.data)
    StX                                      0x20000048   Data           4  st7735.o(.data)
    StY                                      0x2000004c   Data           4  st7735.o(.data)
    StTextColor                              0x20000050   Data           2  st7735.o(.data)
    Messageindex                             0x2000005c   Data           4  st7735.o(.data)
    Ymax                                     0x20000060   Data           4  st7735.o(.data)
    Ymin                                     0x20000064   Data           4  st7735.o(.data)
    X                                        0x20000068   Data           4  st7735.o(.data)
    Yrange                                   0x2000006c   Data           4  st7735.o(.data)
    lastj                                    0x20000070   Data           4  st7735.o(.data)
    Score                                    0x20000074   Data           4  creatures.o(.data)
    fullEnemy                                0x20000078   Data           1  creatures.o(.data)
    gameDone                                 0x20000079   Data           1  creatures.o(.data)
    fullShot                                 0x2000007a   Data           1  creatures.o(.data)
    fullLaser                                0x2000007b   Data           1  creatures.o(.data)
    player                                   0x2000007c   Data          11  creatures.o(.data)
    enemySize                                0x20000087   Data           1  creatures.o(.data)
    enemies                                  0x20000088   Data          60  creatures.o(.data)
    humanSize                                0x200000c4   Data           1  creatures.o(.data)
    humans                                   0x200000c6   Data          12  creatures.o(.data)
    shotSize                                 0x200000d2   Data           1  creatures.o(.data)
    shots                                    0x200000d4   Data          40  creatures.o(.data)
    laserSize                                0x200000fc   Data           1  creatures.o(.data)
    lasers                                   0x200000fe   Data          80  creatures.o(.data)
    spawnMutants                             0x2000014e   Data           1  creatures.o(.data)
    canShoot                                 0x2000014f   Data           1  timer2.o(.data)
    explocounter                             0x20000150   Data           1  timer2.o(.data)
    changeFrame                              0x20000151   Data           1  timer2.o(.data)
    clearScreen                              0x20000152   Data           1  timer2.o(.data)
    lastADCData                              0x20000154   Data           4  systick.o(.data)
    ADCMail                                  0x20000158   Data           4  systick.o(.data)
    playerPotFlag                            0x2000015c   Data           1  systick.o(.data)
    newYPos                                  0x2000015d   Data           1  systick.o(.data)
    newXPos                                  0x2000015e   Data           1  systick.o(.data)
    Level                                    0x2000015f   Data           1  systick.o(.data)
    makeShot                                 0x20000160   Data           1  systick.o(.data)
    __libspace_start                         0x20000168   Data          96  libspace.o(.bss)
    __temporary_stack_top$libspace           0x200001c8   Data           0  libspace.o(.bss)



==============================================================================

Memory Map of the image

  Image Entry point : 0x0000026d

  Load Region LR_1 (Base: 0x00000000, Size: 0x00022710, Max: 0xffffffff, ABSOLUTE, COMPRESSED[0x0002261c])

    Execution Region ER_RO (Exec base: 0x00000000, Load base: 0x00000000, Size: 0x000225a8, Max: 0xffffffff, ABSOLUTE)

    Exec Addr    Load Addr    Size         Type   Attr      Idx    E Section Name        Object

    0x00000000   0x00000000   0x00000284   Code   RO            3  * RESET               startup.o
    0x00000284   0x00000284   0x00000008   Code   RO          700  * !!!main             c_w.l(__main.o)
    0x0000028c   0x0000028c   0x00000034   Code   RO          859    !!!scatter          c_w.l(__scatter.o)
    0x000002c0   0x000002c0   0x0000005a   Code   RO          857    !!dczerorl2         c_w.l(__dczerorl2.o)
    0x0000031a   0x0000031a   0x00000002   PAD
    0x0000031c   0x0000031c   0x0000001c   Code   RO          861    !!handler_zi        c_w.l(__scatter_zi.o)
    0x00000338   0x00000338   0x00000002   Code   RO          727    .ARM.Collect$$libinit$$00000000  c_w.l(libinit.o)
    0x0000033a   0x0000033a   0x00000000   Code   RO          734    .ARM.Collect$$libinit$$00000002  c_w.l(libinit2.o)
    0x0000033a   0x0000033a   0x00000000   Code   RO          736    .ARM.Collect$$libinit$$00000004  c_w.l(libinit2.o)
    0x0000033a   0x0000033a   0x00000000   Code   RO          739    .ARM.Collect$$libinit$$0000000A  c_w.l(libinit2.o)
    0x0000033a   0x0000033a   0x00000000   Code   RO          741    .ARM.Collect$$libinit$$0000000C  c_w.l(libinit2.o)
    0x0000033a   0x0000033a   0x00000000   Code   RO          743    .ARM.Collect$$libinit$$0000000E  c_w.l(libinit2.o)
    0x0000033a   0x0000033a   0x00000000   Code   RO          746    .ARM.Collect$$libinit$$00000011  c_w.l(libinit2.o)
    0x0000033a   0x0000033a   0x00000000   Code   RO          748    .ARM.Collect$$libinit$$00000013  c_w.l(libinit2.o)
    0x0000033a   0x0000033a   0x00000000   Code   RO          750    .ARM.Collect$$libinit$$00000015  c_w.l(libinit2.o)
    0x0000033a   0x0000033a   0x00000000   Code   RO          752    .ARM.Collect$$libinit$$00000017  c_w.l(libinit2.o)
    0x0000033a   0x0000033a   0x00000000   Code   RO          754    .ARM.Collect$$libinit$$00000019  c_w.l(libinit2.o)
    0x0000033a   0x0000033a   0x00000000   Code   RO          756    .ARM.Collect$$libinit$$0000001B  c_w.l(libinit2.o)
    0x0000033a   0x0000033a   0x00000000   Code   RO          758    .ARM.Collect$$libinit$$0000001D  c_w.l(libinit2.o)
    0x0000033a   0x0000033a   0x00000000   Code   RO          760    .ARM.Collect$$libinit$$0000001F  c_w.l(libinit2.o)
    0x0000033a   0x0000033a   0x00000000   Code   RO          762    .ARM.Collect$$libinit$$00000021  c_w.l(libinit2.o)
    0x0000033a   0x0000033a   0x00000000   Code   RO          764    .ARM.Collect$$libinit$$00000023  c_w.l(libinit2.o)
    0x0000033a   0x0000033a   0x00000000   Code   RO          766    .ARM.Collect$$libinit$$00000025  c_w.l(libinit2.o)
    0x0000033a   0x0000033a   0x00000000   Code   RO          770    .ARM.Collect$$libinit$$0000002C  c_w.l(libinit2.o)
    0x0000033a   0x0000033a   0x00000000   Code   RO          772    .ARM.Collect$$libinit$$0000002E  c_w.l(libinit2.o)
    0x0000033a   0x0000033a   0x00000000   Code   RO          774    .ARM.Collect$$libinit$$00000030  c_w.l(libinit2.o)
    0x0000033a   0x0000033a   0x00000000   Code   RO          776    .ARM.Collect$$libinit$$00000032  c_w.l(libinit2.o)
    0x0000033a   0x0000033a   0x00000002   Code   RO          777    .ARM.Collect$$libinit$$00000033  c_w.l(libinit2.o)
    0x0000033c   0x0000033c   0x00000002   Code   RO          797    .ARM.Collect$$libshutdown$$00000000  c_w.l(libshutdown.o)
    0x0000033e   0x0000033e   0x00000000   Code   RO          810    .ARM.Collect$$libshutdown$$00000002  c_w.l(libshutdown2.o)
    0x0000033e   0x0000033e   0x00000000   Code   RO          812    .ARM.Collect$$libshutdown$$00000004  c_w.l(libshutdown2.o)
    0x0000033e   0x0000033e   0x00000000   Code   RO          815    .ARM.Collect$$libshutdown$$00000007  c_w.l(libshutdown2.o)
    0x0000033e   0x0000033e   0x00000000   Code   RO          818    .ARM.Collect$$libshutdown$$0000000A  c_w.l(libshutdown2.o)
    0x0000033e   0x0000033e   0x00000000   Code   RO          820    .ARM.Collect$$libshutdown$$0000000C  c_w.l(libshutdown2.o)
    0x0000033e   0x0000033e   0x00000000   Code   RO          823    .ARM.Collect$$libshutdown$$0000000F  c_w.l(libshutdown2.o)
    0x0000033e   0x0000033e   0x00000002   Code   RO          824    .ARM.Collect$$libshutdown$$00000010  c_w.l(libshutdown2.o)
    0x00000340   0x00000340   0x00000000   Code   RO          702    .ARM.Collect$$rtentry$$00000000  c_w.l(__rtentry.o)
    0x00000340   0x00000340   0x00000000   Code   RO          704    .ARM.Collect$$rtentry$$00000002  c_w.l(__rtentry2.o)
    0x00000340   0x00000340   0x00000006   Code   RO          716    .ARM.Collect$$rtentry$$00000004  c_w.l(__rtentry4.o)
    0x00000346   0x00000346   0x00000000   Code   RO          706    .ARM.Collect$$rtentry$$00000009  c_w.l(__rtentry2.o)
    0x00000346   0x00000346   0x00000004   Code   RO          707    .ARM.Collect$$rtentry$$0000000A  c_w.l(__rtentry2.o)
    0x0000034a   0x0000034a   0x00000000   Code   RO          709    .ARM.Collect$$rtentry$$0000000C  c_w.l(__rtentry2.o)
    0x0000034a   0x0000034a   0x00000008   Code   RO          710    .ARM.Collect$$rtentry$$0000000D  c_w.l(__rtentry2.o)
    0x00000352   0x00000352   0x00000002   Code   RO          731    .ARM.Collect$$rtexit$$00000000  c_w.l(rtexit.o)
    0x00000354   0x00000354   0x00000000   Code   RO          779    .ARM.Collect$$rtexit$$00000002  c_w.l(rtexit2.o)
    0x00000354   0x00000354   0x00000004   Code   RO          780    .ARM.Collect$$rtexit$$00000003  c_w.l(rtexit2.o)
    0x00000358   0x00000358   0x00000006   Code   RO          781    .ARM.Collect$$rtexit$$00000004  c_w.l(rtexit2.o)
    0x0000035e   0x0000035e   0x00000002   PAD
    0x00000360   0x00000360   0x00000030   Code   RO            4    .text               startup.o
    0x00000390   0x00000390   0x0000003c   Code   RO           13    .text               random.o
    0x000003cc   0x000003cc   0x00000050   Code   RO          144    .text               lcd.o
    0x0000041c   0x0000041c   0x00000110   Code   RO          147    .text               print.o
    0x0000052c   0x0000052c   0x00000006   Code   RO          698    .text               c_w.l(heapauxi.o)
    0x00000532   0x00000532   0x0000004a   Code   RO          718    .text               c_w.l(sys_stackheap_outer.o)
    0x0000057c   0x0000057c   0x00000012   Code   RO          720    .text               c_w.l(exit.o)
    0x0000058e   0x0000058e   0x00000002   PAD
    0x00000590   0x00000590   0x00000008   Code   RO          728    .text               c_w.l(libspace.o)
    0x00000598   0x00000598   0x0000000c   Code   RO          789    .text               c_w.l(sys_exit.o)
    0x000005a4   0x000005a4   0x00000002   Code   RO          800    .text               c_w.l(use_no_semi.o)
    0x000005a6   0x000005a6   0x00000000   Code   RO          802    .text               c_w.l(indicate_semi.o)
    0x000005a6   0x000005a6   0x00000002   PAD
    0x000005a8   0x000005a8   0x0000002c   Code   RO           41    i.ADC_In            adc.o
    0x000005d4   0x000005d4   0x000000f0   Code   RO           42    i.ADC_Init          adc.o
    0x000006c4   0x000006c4   0x00000024   Code   RO          150    i.Button_Init       spaceinvaders.o
    0x000006e8   0x000006e8   0x0000000e   Code   RO          662    i.Convert           systick.o
    0x000006f6   0x000006f6   0x00000002   PAD
    0x000006f8   0x000006f8   0x00000024   Code   RO           16    i.DAC_Init          dac.o
    0x0000071c   0x0000071c   0x00000010   Code   RO           17    i.DAC_Out           dac.o
    0x0000072c   0x0000072c   0x00000024   Code   RO          151    i.Delay100ms        spaceinvaders.o
    0x00000750   0x00000750   0x00000020   Code   RO          284    i.Delay1ms          st7735.o
    0x00000770   0x00000770   0x000000a8   Code   RO          152    i.Display_Score     spaceinvaders.o
    0x00000818   0x00000818   0x000000c0   Code   RO          153    i.Game_Over         spaceinvaders.o
    0x000008d8   0x000008d8   0x00000028   Code   RO          154    i.IO_Init           spaceinvaders.o
    0x00000900   0x00000900   0x000000b8   Code   RO          155    i.Intro_Screen      spaceinvaders.o
    0x000009b8   0x000009b8   0x00000050   Code   RO          156    i.LED_Init          spaceinvaders.o
    0x00000a08   0x00000a08   0x000000fc   Code   RO          157    i.Language_Select   spaceinvaders.o
    0x00000b04   0x00000b04   0x00000098   Code   RO          158    i.Level_One         spaceinvaders.o
    0x00000b9c   0x00000b9c   0x00000190   Code   RO          159    i.Level_Three       spaceinvaders.o
    0x00000d2c   0x00000d2c   0x00000170   Code   RO          160    i.Level_Two         spaceinvaders.o
    0x00000e9c   0x00000e9c   0x0000000a   Code   RO          285    i.Output_Clear      st7735.o
    0x00000ea6   0x00000ea6   0x0000000c   Code   RO          286    i.Output_Color      st7735.o
    0x00000eb2   0x00000eb2   0x00000010   Code   RO          287    i.Output_Init       st7735.o
    0x00000ec2   0x00000ec2   0x00000002   PAD
    0x00000ec4   0x00000ec4   0x0000007c   Code   RO          547    i.PLL_Init          pll.o
    0x00000f40   0x00000f40   0x00000120   Code   RO          291    i.ST7735_DrawBitmap  st7735.o
    0x00001060   0x00001060   0x000000f8   Code   RO          293    i.ST7735_DrawCharS  st7735.o
    0x00001158   0x00001158   0x0000007c   Code   RO          294    i.ST7735_DrawFastHLine  st7735.o
    0x000011d4   0x000011d4   0x00000048   Code   RO          296    i.ST7735_DrawPixel  st7735.o
    0x0000121c   0x0000121c   0x00000054   Code   RO          297    i.ST7735_DrawString  st7735.o
    0x00001270   0x00001270   0x000000ac   Code   RO          298    i.ST7735_FillRect   st7735.o
    0x0000131c   0x0000131c   0x00000024   Code   RO          299    i.ST7735_FillScreen  st7735.o
    0x00001340   0x00001340   0x0000007c   Code   RO          301    i.ST7735_InitR      st7735.o
    0x000013bc   0x000013bc   0x000000d4   Code   RO          303    i.ST7735_OutChar    st7735.o
    0x00001490   0x00001490   0x00000016   Code   RO          304    i.ST7735_OutString  st7735.o
    0x000014a6   0x000014a6   0x00000002   PAD
    0x000014a8   0x000014a8   0x00000020   Code   RO          314    i.ST7735_SetCursor  st7735.o
    0x000014c8   0x000014c8   0x0000000c   Code   RO          316    i.ST7735_SetTextColor  st7735.o
    0x000014d4   0x000014d4   0x00000008   Code   RO          107    i.Sound_Init        sound.o
    0x000014dc   0x000014dc   0x000000e8   Code   RO          663    i.SysTick_Handler   systick.o
    0x000015c4   0x000015c4   0x00000024   Code   RO          664    i.SysTick_Init      systick.o
    0x000015e8   0x000015e8   0x00000018   Code   RO           59    i.Timer0A_Handler   timer0.o
    0x00001600   0x00001600   0x00000020   Code   RO           60    i.Timer0A_Stop      timer0.o
    0x00001620   0x00001620   0x00000060   Code   RO           61    i.Timer0_Init       timer0.o
    0x00001680   0x00001680   0x00000014   Code   RO           86    i.Timer1A_Handler   timer1.o
    0x00001694   0x00001694   0x00000064   Code   RO           87    i.Timer1_Init       timer1.o
    0x000016f8   0x000016f8   0x00000068   Code   RO          641    i.Timer2A_Handler   timer2.o
    0x00001760   0x00001760   0x0000007c   Code   RO          642    i.Timer2_Init       timer2.o
    0x000017dc   0x000017dc   0x00000074   Code   RO          559    i.checkHit          creatures.o
    0x00001850   0x00001850   0x000000f0   Code   RO          560    i.checkPlayerHit    creatures.o
    0x00001940   0x00001940   0x00000056   Code   RO          318    i.commandList       st7735.o
    0x00001996   0x00001996   0x00000002   PAD
    0x00001998   0x00001998   0x00000188   Code   RO          319    i.commonInit        st7735.o
    0x00001b20   0x00001b20   0x000000b4   Code   RO          161    i.drawBackground    spaceinvaders.o
    0x00001bd4   0x00001bd4   0x00000598   Code   RO          162    i.drawCreatures     spaceinvaders.o
    0x0000216c   0x0000216c   0x0000014c   Code   RO          561    i.enemyMove         creatures.o
    0x000022b8   0x000022b8   0x000000b0   Code   RO          163    i.humanFail         spaceinvaders.o
    0x00002368   0x00002368   0x00000120   Code   RO          562    i.humanMove         creatures.o
    0x00002488   0x00002488   0x0000046c   Code   RO          563    i.landerMove        creatures.o
    0x000028f4   0x000028f4   0x00000098   Code   RO          164    i.main              spaceinvaders.o
    0x0000298c   0x0000298c   0x00000060   Code   RO          564    i.movePlayerShot    creatures.o
    0x000029ec   0x000029ec   0x000000c8   Code   RO          565    i.moveShot          creatures.o
    0x00002ab4   0x00002ab4   0x00000238   Code   RO          566    i.mutantMove        creatures.o
    0x00002cec   0x00002cec   0x0000004c   Code   RO          108    i.playsample        sound.o
    0x00002d38   0x00002d38   0x0000001c   Code   RO          109    i.playsound         sound.o
    0x00002d54   0x00002d54   0x00000012   Code   RO          324    i.pushColor         st7735.o
    0x00002d66   0x00002d66   0x00000002   PAD
    0x00002d68   0x00002d68   0x00000074   Code   RO          325    i.setAddrWindow     st7735.o
    0x00002ddc   0x00002ddc   0x00000090   Code   RO          567    i.spawnLander       creatures.o
    0x00002e6c   0x00002e6c   0x00000090   Code   RO          568    i.spawnMutant       creatures.o
    0x00002efc   0x00002efc   0x00000080   Code   RO          569    i.spawnPlayerShot   creatures.o
    0x00002f7c   0x00002f7c   0x00000070   Code   RO          570    i.spawnShot         creatures.o
    0x00002fec   0x00002fec   0x0001b639   Data   RO          110    .constdata          sound.o
    0x0001e625   0x0001e625   0x00000003   PAD
    0x0001e628   0x0001e628   0x00003764   Data   RO          165    .constdata          spaceinvaders.o
    0x00021d8c   0x00021d8c   0x000007e2   Data   RO          327    .constdata          st7735.o
    0x0002256e   0x0002256e   0x00000002   PAD
    0x00022570   0x00022570   0x00000018   Data   RO          571    .constdata          creatures.o
    0x00022588   0x00022588   0x00000020   Data   RO          855    Region$$Table       anon$$obj.o


    Execution Region ER_RW (Exec base: 0x20000000, Load base: 0x000225a8, Size: 0x00000168, Max: 0xffffffff, ABSOLUTE, COMPRESSED[0x00000074])

    Exec Addr    Load Addr    Size         Type   Attr      Idx    E Section Name        Object

    0x20000000   COMPRESSED   0x00000004   Data   RW           62    .data               timer0.o
    0x20000004   COMPRESSED   0x00000005   Data   RW           88    .data               timer1.o
    0x20000009   COMPRESSED   0x00000003   PAD
    0x2000000c   COMPRESSED   0x00000038   Data   RW          111    .data               sound.o
    0x20000044   COMPRESSED   0x00000002   Data   RW          166    .data               spaceinvaders.o
    0x20000046   COMPRESSED   0x00000002   PAD
    0x20000048   COMPRESSED   0x0000002c   Data   RW          328    .data               st7735.o
    0x20000074   COMPRESSED   0x000000db   Data   RW          572    .data               creatures.o
    0x2000014f   COMPRESSED   0x00000004   Data   RW          643    .data               timer2.o
    0x20000153   COMPRESSED   0x00000001   PAD
    0x20000154   COMPRESSED   0x0000000d   Data   RW          665    .data               systick.o
    0x20000161   COMPRESSED   0x00000003   PAD
    0x20000164   COMPRESSED   0x00000004   Data   RW           12    DATA                random.o


    Execution Region ER_ZI (Exec base: 0x20000168, Load base: 0x0002261c, Size: 0x00000460, Max: 0xffffffff, ABSOLUTE)

    Exec Addr    Load Addr    Size         Type   Attr      Idx    E Section Name        Object

    0x20000168        -       0x00000060   Zero   RW          729    .bss                c_w.l(libspace.o)
    0x200001c8        -       0x00000000   Zero   RW            2    HEAP                startup.o
    0x200001c8        -       0x00000400   Zero   RW            1    STACK               startup.o


==============================================================================

Image component sizes


      Code (inc. data)   RO Data    RW Data    ZI Data      Debug   Object Name

       284         28          0          0          0        920   adc.o
      3500        218         24        219          0       9301   creatures.o
        52         16          0          0          0       5273   dac.o
        80         12          0          0          0        236   lcd.o
       124          4          0          0          0        443   pll.o
       272          2          0          0          0        296   print.o
        60         14          0          4          0        232   random.o
       112         22     112185         56          0       2753   sound.o
      3848        804      14180          2          0      12198   spaceinvaders.o
      2108        198       2018         44          0      15055   st7735.o
       692        632          0          0       1024        972   startup.o
       282         40          0         13          0       1774   systick.o
       152         40          0          4          0       1783   timer0.o
       120         32          0          5          0       1382   timer1.o
       228         56          0          4          0       1236   timer2.o

    ----------------------------------------------------------------------
     11924       2118     128444        360       1024      53854   Object Totals
         0          0         32          0          0          0   (incl. Generated)
        10          0          5          9          0          0   (incl. Padding)

    ----------------------------------------------------------------------

      Code (inc. data)   RO Data    RW Data    ZI Data      Debug   Library Member Name

        90          0          0          0          0          0   __dczerorl2.o
         8          0          0          0          0         68   __main.o
         0          0          0          0          0          0   __rtentry.o
        12          0          0          0          0          0   __rtentry2.o
         6          0          0          0          0          0   __rtentry4.o
        52          8          0          0          0          0   __scatter.o
        28          0          0          0          0          0   __scatter_zi.o
        18          0          0          0          0         80   exit.o
         6          0          0          0          0        152   heapauxi.o
         0          0          0          0          0          0   indicate_semi.o
         2          0          0          0          0          0   libinit.o
         2          0          0          0          0          0   libinit2.o
         2          0          0          0          0          0   libshutdown.o
         2          0          0          0          0          0   libshutdown2.o
         8          4          0          0         96         68   libspace.o
         2          0          0          0          0          0   rtexit.o
        10          0          0          0          0          0   rtexit2.o
        12          4          0          0          0         68   sys_exit.o
        74          0          0          0          0         80   sys_stackheap_outer.o
         2          0          0          0          0         68   use_no_semi.o

    ----------------------------------------------------------------------
       344         16          0          0         96        584   Library Totals
         8          0          0          0          0          0   (incl. Padding)

    ----------------------------------------------------------------------

      Code (inc. data)   RO Data    RW Data    ZI Data      Debug   Library Name

       336         16          0          0         96        584   c_w.l

    ----------------------------------------------------------------------
       344         16          0          0         96        584   Library Totals

    ----------------------------------------------------------------------

==============================================================================


      Code (inc. data)   RO Data    RW Data    ZI Data      Debug   

     12268       2134     128444        360       1120      51106   Grand Totals
     12268       2134     128444        116       1120      51106   ELF Image Totals (compressed)
     12268       2134     128444        116          0          0   ROM Totals

==============================================================================

    Total RO  Size (Code + RO Data)               140712 ( 137.41kB)
    Total RW  Size (RW Data + ZI Data)              1480 (   1.45kB)
    Total ROM Size (Code + RO Data + RW Data)     140828 ( 137.53kB)

==============================================================================

